Archive member included to satisfy reference by file (symbol)

.pio/build/uno_r4_wifi/lib580/libSPI.a(SPI.cpp.o)
                              .pio/build/uno_r4_wifi/src/networking_base.cpp.o (arduino::ArduinoSPI::begin())
.pio/build/uno_r4_wifi/libe5e/libEthernet.a(Ethernet.cpp.o)
                              .pio/build/uno_r4_wifi/src/networking_base.cpp.o (EthernetClass::init(unsigned char))
.pio/build/uno_r4_wifi/libe5e/libEthernet.a(EthernetClient.cpp.o)
                              .pio/build/uno_r4_wifi/src/main.cpp.o (vtable for EthernetClient)
.pio/build/uno_r4_wifi/libe5e/libEthernet.a(EthernetUdp.cpp.o)
                              .pio/build/uno_r4_wifi/libe5e/libEthernet.a(Ethernet.cpp.o) (vtable for EthernetUDP)
.pio/build/uno_r4_wifi/libe5e/libEthernet.a(socket.cpp.o)
                              .pio/build/uno_r4_wifi/libe5e/libEthernet.a(Ethernet.cpp.o) (EthernetClass::socketPortRand(unsigned short))
.pio/build/uno_r4_wifi/libe5e/libEthernet.a(w5100.cpp.o)
                              .pio/build/uno_r4_wifi/libe5e/libEthernet.a(Ethernet.cpp.o) (W5100Class::write(unsigned short, unsigned char const*, unsigned short))
.pio/build/uno_r4_wifi/libe5e/libEthernet.a(Dhcp.cpp.o)
                              .pio/build/uno_r4_wifi/libe5e/libEthernet.a(Ethernet.cpp.o) (DhcpClass::getLocalIp())
.pio/build/uno_r4_wifi/libe5e/libEthernet.a(Dns.cpp.o)
                              .pio/build/uno_r4_wifi/libe5e/libEthernet.a(EthernetClient.cpp.o) (DNSClient::begin(arduino::IPAddress const&))
.pio/build/uno_r4_wifi/libe5e/libEthernet.a(EthernetServer.cpp.o)
                              .pio/build/uno_r4_wifi/libe5e/libEthernet.a(socket.cpp.o) (EthernetServer::server_port)
.pio/build/uno_r4_wifi/libce3/libWiFiS3.a(WiFi.cpp.o)
                              .pio/build/uno_r4_wifi/src/networking_base.cpp.o (CWifi::status())
.pio/build/uno_r4_wifi/libce3/libWiFiS3.a(WiFiClient.cpp.o)
                              .pio/build/uno_r4_wifi/src/main.cpp.o (WiFiClient::~WiFiClient())
.pio/build/uno_r4_wifi/libce3/libWiFiS3.a(Modem.cpp.o)
                              .pio/build/uno_r4_wifi/libce3/libWiFiS3.a(WiFiClient.cpp.o) (ModemClass::write_nowait(std::__cxx11::basic_string<char, std::char_traits<char>, std::allocator<char> > const&, std::__cxx11::basic_string<char, std::char_traits<char>, std::allocator<char> >&, char const*, ...))
.pio/build/uno_r4_wifi/libce3/libWiFiS3.a(StringHelpers.cpp.o)
                              .pio/build/uno_r4_wifi/libce3/libWiFiS3.a(WiFi.cpp.o) (split(std::vector<std::__cxx11::basic_string<char, std::char_traits<char>, std::allocator<char> >, std::allocator<std::__cxx11::basic_string<char, std::char_traits<char>, std::allocator<char> > > >&, std::__cxx11::basic_string<char, std::char_traits<char>, std::allocator<char> >&, std::__cxx11::basic_string<char, std::char_traits<char>, std::allocator<char> > const&, bool))
.pio/build/uno_r4_wifi/libFrameworkArduinoVariant.a(common_data.c.o)
                              .pio/build/uno_r4_wifi/lib580/libSPI.a(SPI.cpp.o) (g_ioport_ctrl)
.pio/build/uno_r4_wifi/libFrameworkArduinoVariant.a(main.c.o)
                              /Users/erikdahl/.platformio/packages/toolchain-gccarmnoneeabi/bin/../lib/gcc/arm-none-eabi/7.2.1/../../../../arm-none-eabi/lib/thumb/v7e-m/fpv4-sp/hard/crt0.o (main)
.pio/build/uno_r4_wifi/libFrameworkArduinoVariant.a(pin_data.c.o)
                              .pio/build/uno_r4_wifi/libFrameworkArduinoVariant.a(common_data.c.o) (g_bsp_pin_cfg)
.pio/build/uno_r4_wifi/libFrameworkArduinoVariant.a(variant.cpp.o)
                              .pio/build/uno_r4_wifi/lib580/libSPI.a(SPI.cpp.o) (PINCOUNT_fn)
.pio/build/uno_r4_wifi/libFrameworkArduino.a(FspTimer.cpp.o)
                              .pio/build/uno_r4_wifi/libFrameworkArduinoVariant.a(variant.cpp.o) (FspTimer::gpt_used_channel)
.pio/build/uno_r4_wifi/libFrameworkArduino.a(IRQManager.cpp.o)
                              .pio/build/uno_r4_wifi/lib580/libSPI.a(SPI.cpp.o) (IRQManager::getInstance())
.pio/build/uno_r4_wifi/libFrameworkArduino.a(Serial.cpp.o)
                              .pio/build/uno_r4_wifi/src/main.cpp.o (UART::begin(unsigned long))
.pio/build/uno_r4_wifi/libFrameworkArduino.a(SerialObj1.cpp.o)
                              .pio/build/uno_r4_wifi/src/PostMan.cpp.o (_UART1_)
.pio/build/uno_r4_wifi/libFrameworkArduino.a(SerialObj3.cpp.o)
                              .pio/build/uno_r4_wifi/libce3/libWiFiS3.a(Modem.cpp.o) (_UART3_)
.pio/build/uno_r4_wifi/libFrameworkArduino.a(WMath.cpp.o)
                              .pio/build/uno_r4_wifi/libe5e/libEthernet.a(Dhcp.cpp.o) (random(long, long))
.pio/build/uno_r4_wifi/libFrameworkArduino.a(analog.cpp.o)
                              .pio/build/uno_r4_wifi/libFrameworkArduino.a(FspTimer.cpp.o) (__get_timer_for_channel(int))
.pio/build/uno_r4_wifi/libFrameworkArduino.a(Common.cpp.o)
[...]
Memory Configuration

Name             Origin             Length             Attributes
FLASH            0x0000000000004000 0x000000000003c000 xr
RAM              0x0000000020000000 0x0000000000008000 xrw
DATA_FLASH       0x0000000040100000 0x0000000000002000 xr
OPTION_SETTING   0x0000000000000000 0x0000000000000000 r
OPTION_SETTING_S 0x0000000000000000 0x0000000000000000 r
ID_CODE          0x0000000001010018 0x0000000000000020 xr
*default*        0x0000000000000000 0xffffffffffffffff

Linker script and memory map

LOAD /Users/erikdahl/.platformio/packages/toolchain-gccarmnoneeabi/bin/../lib/gcc/arm-none-eabi/7.2.1/thumb/v7e-m/fpv4-sp/hard/crti.o
LOAD /Users/erikdahl/.platformio/packages/toolchain-gccarmnoneeabi/bin/../lib/gcc/arm-none-eabi/7.2.1/thumb/v7e-m/fpv4-sp/hard/crtbegin.o
LOAD /Users/erikdahl/.platformio/packages/toolchain-gccarmnoneeabi/bin/../lib/gcc/arm-none-eabi/7.2.1/../../../../arm-none-eabi/lib/thumb/v7e-m/fpv4-sp/hard/crt0.o
LOAD .pio/build/uno_r4_wifi/src/PostMan.cpp.o
LOAD .pio/build/uno_r4_wifi/src/main.cpp.o
LOAD .pio/build/uno_r4_wifi/src/measurement_state.cpp.o
LOAD .pio/build/uno_r4_wifi/src/networking_base.cpp.o
START GROUP
LOAD .pio/build/uno_r4_wifi/lib580/libSPI.a
LOAD .pio/build/uno_r4_wifi/libe5e/libEthernet.a
LOAD .pio/build/uno_r4_wifi/libce3/libWiFiS3.a
LOAD .pio/build/uno_r4_wifi/libFrameworkArduinoVariant.a
LOAD .pio/build/uno_r4_wifi/libFrameworkArduino.a
LOAD /Users/erikdahl/.platformio/packages/framework-arduinorenesas-uno/variants/UNOWIFIR4/libs/libfsp.a
LOAD /Users/erikdahl/.platformio/packages/toolchain-gccarmnoneeabi/bin/../lib/gcc/arm-none-eabi/7.2.1/../../../../arm-none-eabi/lib/thumb/v7e-m/fpv4-sp/hard/libstdc++_nano.a
LOAD /Users/erikdahl/.platformio/packages/toolchain-gccarmnoneeabi/bin/../lib/gcc/arm-none-eabi/7.2.1/../../../../arm-none-eabi/lib/thumb/v7e-m/fpv4-sp/hard/libsupc++_nano.a
LOAD /Users/erikdahl/.platformio/packages/toolchain-gccarmnoneeabi/bin/../lib/gcc/arm-none-eabi/7.2.1/thumb/v7e-m/fpv4-sp/hard/libgcc.a
LOAD /Users/erikdahl/.platformio/packages/toolchain-gccarmnoneeabi/bin/../lib/gcc/arm-none-eabi/7.2.1/../../../../arm-none-eabi/lib/thumb/v7e-m/fpv4-sp/hard/libnosys.a
END GROUP
LOAD /Users/erikdahl/.platformio/packages/toolchain-gccarmnoneeabi/bin/../lib/gcc/arm-none-eabi/7.2.1/../../../../arm-none-eabi/lib/thumb/v7e-m/fpv4-sp/hard/libstdc++_nano.a
LOAD /Users/erikdahl/.platformio/packages/toolchain-gccarmnoneeabi/bin/../lib/gcc/arm-none-eabi/7.2.1/../../../../arm-none-eabi/lib/thumb/v7e-m/fpv4-sp/hard/libm.a
LOAD /Users/erikdahl/.platformio/packages/toolchain-gccarmnoneeabi/bin/../lib/gcc/arm-none-eabi/7.2.1/../../../../arm-none-eabi/lib/thumb/v7e-m/fpv4-sp/hard/libc_nano.a
START GROUP
LOAD /Users/erikdahl/.platformio/packages/toolchain-gccarmnoneeabi/bin/../lib/gcc/arm-none-eabi/7.2.1/thumb/v7e-m/fpv4-sp/hard/libgcc.a
LOAD /Users/erikdahl/.platformio/packages/toolchain-gccarmnoneeabi/bin/../lib/gcc/arm-none-eabi/7.2.1/../../../../arm-none-eabi/lib/thumb/v7e-m/fpv4-sp/hard/libc_nano.a
END GROUP
START GROUP
LOAD /Users/erikdahl/.platformio/packages/toolchain-gccarmnoneeabi/bin/../lib/gcc/arm-none-eabi/7.2.1/thumb/v7e-m/fpv4-sp/hard/libgcc.a
LOAD /Users/erikdahl/.platformio/packages/toolchain-gccarmnoneeabi/bin/../lib/gcc/arm-none-eabi/7.2.1/../../../../arm-none-eabi/lib/thumb/v7e-m/fpv4-sp/hard/libc_nano.a
LOAD /Users/erikdahl/.platformio/packages/toolchain-gccarmnoneeabi/bin/../lib/gcc/arm-none-eabi/7.2.1/../../../../arm-none-eabi/lib/thumb/v7e-m/fpv4-sp/hard/libnosys.a
END GROUP
START GROUP
LOAD /Users/erikdahl/.platformio/packages/toolchain-gccarmnoneeabi/bin/../lib/gcc/arm-none-eabi/7.2.1/thumb/v7e-m/fpv4-sp/hard/libgcc.a
LOAD /Users/erikdahl/.platformio/packages/toolchain-gccarmnoneeabi/bin/../lib/gcc/arm-none-eabi/7.2.1/../../../../arm-none-eabi/lib/thumb/v7e-m/fpv4-sp/hard/libc_nano.a
LOAD /Users/erikdahl/.platformio/packages/toolchain-gccarmnoneeabi/bin/../lib/gcc/arm-none-eabi/7.2.1/../../../../arm-none-eabi/lib/thumb/v7e-m/fpv4-sp/hard/libnosys.a
END GROUP
LOAD /Users/erikdahl/.platformio/packages/toolchain-gccarmnoneeabi/bin/../lib/gcc/arm-none-eabi/7.2.1/thumb/v7e-m/fpv4-sp/hard/crtend.o
LOAD /Users/erikdahl/.platformio/packages/toolchain-gccarmnoneeabi/bin/../lib/gcc/arm-none-eabi/7.2.1/thumb/v7e-m/fpv4-sp/hard/crtn.o
                0x0000000020000000                RAM_START = 0x20000000
                0x0000000000008000                RAM_LENGTH = 0x8000
                0x0000000000000000                FLASH_START = 0x0
                0x0000000000040000                FLASH_LENGTH = 0x40000
                0x0000000040100000                DATA_FLASH_START = 0x40100000
                0x0000000000002000                DATA_FLASH_LENGTH = 0x2000
                0x0000000000000000                OPTION_SETTING_START = 0x0
                0x0000000000000000                OPTION_SETTING_LENGTH = 0x0
                0x0000000000000000                OPTION_SETTING_S_START = 0x0
                0x0000000000000000                OPTION_SETTING_S_LENGTH = 0x0
                0x0000000001010018                ID_CODE_START = 0x1010018
                0x0000000000000020                ID_CODE_LENGTH = 0x20
                0x0000000090000000                SDRAM_START = 0x90000000
                0x0000000000000000                SDRAM_LENGTH = 0x0
                0x0000000060000000                QSPI_FLASH_START = 0x60000000
                0x0000000000000000                QSPI_FLASH_LENGTH = 0x0
                0x0000000068000000                OSPI_DEVICE_0_START = 0x68000000
                0x0000000000000000                OSPI_DEVICE_0_LENGTH = 0x0
                0x0000000070000000                OSPI_DEVICE_1_START = 0x70000000
                0x0000000000000000                OSPI_DEVICE_1_LENGTH = 0x0
                0x0000000000004000                FLASH_IMAGE_START = 0x4000
                0x0000000000000100                VECTOR_TABLE_LENGTH = 0x100
                0x0000000000000400                BSP_CFG_STACK_MAIN_BYTES = 0x400
START GROUP
LOAD /Users/erikdahl/.platformio/packages/toolchain-gccarmnoneeabi/bin/../lib/gcc/arm-none-eabi/7.2.1/thumb/v7e-m/fpv4-sp/hard/libgcc.a
LOAD /Users/erikdahl/.platformio/packages/toolchain-gccarmnoneeabi/bin/../lib/gcc/arm-none-eabi/7.2.1/../../../../arm-none-eabi/lib/thumb/v7e-m/fpv4-sp/hard/libc.a
LOAD /Users/erikdahl/.platformio/packages/toolchain-gccarmnoneeabi/bin/../lib/gcc/arm-none-eabi/7.2.1/../../../../arm-none-eabi/lib/thumb/v7e-m/fpv4-sp/hard/libm.a
LOAD /Users/erikdahl/.platformio/packages/toolchain-gccarmnoneeabi/bin/../lib/gcc/arm-none-eabi/7.2.1/../../../../arm-none-eabi/lib/thumb/v7e-m/fpv4-sp/hard/libnosys.a
END GROUP

.text           0x0000000000004000    0x12a9c
                0x0000000000000000                __tz_FLASH_S = ABSOLUTE (FLASH_START)
                0x0000000000004000                __ROM_Start = .
 *(.sketch_boot)
                0x0000000000004000                . = ALIGN (0x800)
 *(.fixed_vectors*)
 .fixed_vectors
                0x0000000000004000       0x40 /Users/erikdahl/.platformio/packages/framework-arduinorenesas-uno/variants/UNOWIFIR4/libs/libfsp.a(startup.o)
                0x0000000000004000                __Vectors
 *(.application_vectors*)
 .application_vectors
                0x0000000000004040       0x80 .pio/build/uno_r4_wifi/libFrameworkArduino.a(vector_table.c.o)
                0x0000000000004040                g_vector_table
                0x00000000000040c0                __Vectors_End = .
 *(.text*)
 .text          0x00000000000040c0       0x40 /Users/erikdahl/.platformio/packages/toolchain-gccarmnoneeabi/bin/../lib/gcc/arm-none-eabi/7.2.1/thumb/v7e-m/fpv4-sp/hard/crtbegin.o
 .text._ZN7PostManC2EPKcS1_tP14NetworkingBase
                0x0000000000004100        0xe .pio/build/uno_r4_wifi/src/PostMan.cpp.o
                0x0000000000004100                PostMan::PostMan(char const*, char const*, unsigned short, NetworkingBase*)
                0x0000000000004100                PostMan::PostMan(char const*, char const*, unsigned short, NetworkingBase*)
 *fill*         0x000000000000410e        0x2 ff
 .text._ZN7PostMan10createJSONERKN7arduino6StringES3_S3_
                0x0000000000004110       0xa4 .pio/build/uno_r4_wifi/src/PostMan.cpp.o
                0x0000000000004110                PostMan::createJSON(arduino::String const&, arduino::String const&, arduino::String const&)
 .text._ZN7PostMan24createHTTPHeaderWithJSONERKN7arduino6StringE
                0x00000000000041b4       0xe8 .pio/build/uno_r4_wifi/src/PostMan.cpp.o
                0x00000000000041b4                PostMan::createHTTPHeaderWithJSON(arduino::String const&)
 .text._ZN7PostMan8sendPostERKN7arduino6StringES3_S3_
                0x000000000000429c      0x104 .pio/build/uno_r4_wifi/src/PostMan.cpp.o
                0x000000000000429c                PostMan::sendPost(arduino::String const&, arduino::String const&, arduino::String const&)
 .text.startup._GLOBAL__sub_I__ZN7PostManC2EPKcS1_tP14NetworkingBase
                0x00000000000043a0       0x1c .pio/build/uno_r4_wifi/src/PostMan.cpp.o
 .text.loop     0x00000000000043bc       0xb4 .pio/build/uno_r4_wifi/src/main.cpp.o
                0x00000000000043bc                loop
 .text.startup._GLOBAL__sub_I_ledPin
                0x0000000000004470       0x7c .pio/build/uno_r4_wifi/src/main.cpp.o
 .text.exit._GLOBAL__sub_D_ledPin
                0x00000000000044ec        0xc .pio/build/uno_r4_wifi/src/main.cpp.o
 .text.setup    0x00000000000044f8      0x11c .pio/build/uno_r4_wifi/src/main.cpp.o
                0x00000000000044f8                setup
 .text._ZN16MeasurementStateC2Ehm
                0x0000000000004614        0x6 .pio/build/uno_r4_wifi/src/measurement_state.cpp.o
                0x0000000000004614                MeasurementState::MeasurementState(unsigned char, unsigned long)
                0x0000000000004614                MeasurementState::MeasurementState(unsigned char, unsigned long)
 .text._ZN16MeasurementState4initEv
                0x000000000000461a        0x8 .pio/build/uno_r4_wifi/src/measurement_state.cpp.o
                0x000000000000461a                MeasurementState::init()
 .text._ZN16MeasurementState6updateEv
                0x0000000000004622       0x14 .pio/build/uno_r4_wifi/src/measurement_state.cpp.o
                0x0000000000004622                MeasurementState::update()
 .text._ZN16MeasurementState15roomHasActivityEv
                0x0000000000004636       0x18 .pio/build/uno_r4_wifi/src/measurement_state.cpp.o
                0x0000000000004636                MeasurementState::roomHasActivity()
 *fill*         0x000000000000464e        0x2 ff
 .text._ZN7arduino9IPAddressC2ERKS0_
                0x0000000000004650       0x24 .pio/build/uno_r4_wifi/src/networking_base.cpp.o
                0x0000000000004650                arduino::IPAddress::IPAddress(arduino::IPAddress const&)
                0x0000000000004650                arduino::IPAddress::IPAddress(arduino::IPAddress const&)
 .text._ZN14NetworkingBaseC2EP10WiFiClientP14EthernetClient
                0x0000000000004674       0x20 .pio/build/uno_r4_wifi/src/networking_base.cpp.o
                0x0000000000004674                NetworkingBase::NetworkingBase(WiFiClient*, EthernetClient*)
                0x0000000000004674                NetworkingBase::NetworkingBase(WiFiClient*, EthernetClient*)
 .text._ZNK14NetworkingBase11is_valid_ipERKN7arduino9IPAddressE
                0x0000000000004694       0x7c .pio/build/uno_r4_wifi/src/networking_base.cpp.o
                0x0000000000004694                NetworkingBase::is_valid_ip(arduino::IPAddress const&) const
 .text._ZN7arduino9IPAddressaSEOS0_
                0x0000000000004710       0x18 .pio/build/uno_r4_wifi/src/networking_base.cpp.o
                0x0000000000004710                arduino::IPAddress::operator=(arduino::IPAddress&&)
 .text._ZN14NetworkingBase16connect_ethernetEv.part.3
                0x0000000000004728      0x2a0 .pio/build/uno_r4_wifi/src/networking_base.cpp.o
 .text._ZN14NetworkingBase12connect_wifiEv
                0x00000000000049c8       0xbc .pio/build/uno_r4_wifi/src/networking_base.cpp.o
                0x00000000000049c8                NetworkingBase::connect_wifi()
 .text._ZN14NetworkingBase22connect_wifi_to_serverEv
                0x0000000000004a84       0x58 .pio/build/uno_r4_wifi/src/networking_base.cpp.o
                0x0000000000004a84                NetworkingBase::connect_wifi_to_server()
 .text._ZN14NetworkingBase23handle_dhcp_maintenanceEh
                0x0000000000004adc       0x64 .pio/build/uno_r4_wifi/src/networking_base.cpp.o
                0x0000000000004adc                NetworkingBase::handle_dhcp_maintenance(unsigned char)
 .text._ZNK14NetworkingBase17ready_for_trafficEv
                0x0000000000004b40       0x3c .pio/build/uno_r4_wifi/src/networking_base.cpp.o
                0x0000000000004b40                NetworkingBase::ready_for_traffic() const
 .text._ZNK14NetworkingBase14current_clientEv
                0x0000000000004b7c       0x10 .pio/build/uno_r4_wifi/src/networking_base.cpp.o
                0x0000000000004b7c                NetworkingBase::current_client() const
 .text._ZN14NetworkingBaseclEv
                0x0000000000004b8c      0x1c8 .pio/build/uno_r4_wifi/src/networking_base.cpp.o
                0x0000000000004b8c                NetworkingBase::operator()()
 .text.startup._GLOBAL__sub_I__ZN14NetworkingBaseC2EP10WiFiClientP14EthernetClient
                0x0000000000004d54       0x1c .pio/build/uno_r4_wifi/src/networking_base.cpp.o
 .text._ZN14NetworkingBase16initialize_w5500Ev
                0x0000000000004d70       0xb8 .pio/build/uno_r4_wifi/src/networking_base.cpp.o
                0x0000000000004d70                NetworkingBase::initialize_w5500()
 .text._ZN14NetworkingBase16connect_ethernetEv
                0x0000000000004e28       0x38 .pio/build/uno_r4_wifi/src/networking_base.cpp.o
                0x0000000000004e28                NetworkingBase::connect_ethernet()
 .text._ZN14NetworkingBase5beginEv
                0x0000000000004e60       0x88 .pio/build/uno_r4_wifi/src/networking_base.cpp.o
                0x0000000000004e60                NetworkingBase::begin()
 .text._ZN7arduino10ArduinoSPI14usingInterruptEi
                0x0000000000004ee8        0x2 .pio/build/uno_r4_wifi/lib580/libSPI.a(SPI.cpp.o)
                0x0000000000004ee8                arduino::ArduinoSPI::usingInterrupt(int)
 .text._ZN7arduino10ArduinoSPI17notUsingInterruptEi
                0x0000000000004eea        0x2 .pio/build/uno_r4_wifi/lib580/libSPI.a(SPI.cpp.o)
                0x0000000000004eea                arduino::ArduinoSPI::notUsingInterrupt(int)
 .text._ZN7arduino10ArduinoSPI14endTransactionEv
                0x0000000000004eec        0x2 .pio/build/uno_r4_wifi/lib580/libSPI.a(SPI.cpp.o)
                0x0000000000004eec                arduino::ArduinoSPI::endTransaction()
 .text._ZN7arduino10ArduinoSPI15attachInterruptEv
                0x0000000000004eee        0x2 .pio/build/uno_r4_wifi/lib580/libSPI.a(SPI.cpp.o)
                0x0000000000004eee                arduino::ArduinoSPI::attachInterrupt()
 .text._ZN7arduino10ArduinoSPI15detachInterruptEv
                0x0000000000004ef0        0x2 .pio/build/uno_r4_wifi/lib580/libSPI.a(SPI.cpp.o)
                0x0000000000004ef0                arduino::ArduinoSPI::detachInterrupt()
 .text._ZN7arduino10ArduinoSPI3endEv
                0x0000000000004ef2       0x1c .pio/build/uno_r4_wifi/lib580/libSPI.a(SPI.cpp.o)
                0x0000000000004ef2                arduino::ArduinoSPI::end()
 .text._ZN7arduino10ArduinoSPI10transfer16Et
                0x0000000000004f0e       0x44 .pio/build/uno_r4_wifi/lib580/libSPI.a(SPI.cpp.o)
                0x0000000000004f0e                arduino::ArduinoSPI::transfer16(unsigned short)
 *fill*         0x0000000000004f52        0x2 ff
 .text.sci_spi_callback
                0x0000000000004f54       0x18 .pio/build/uno_r4_wifi/lib580/libSPI.a(SPI.cpp.o)
                0x0000000000004f54                sci_spi_callback
 .text._ZN7arduino10ArduinoSPID2Ev
                0x0000000000004f6c        0x2 .pio/build/uno_r4_wifi/lib580/libSPI.a(SPI.cpp.o)
                0x0000000000004f6c                arduino::ArduinoSPI::~ArduinoSPI()
                0x0000000000004f6c                arduino::ArduinoSPI::~ArduinoSPI()
 *fill*         0x0000000000004f6e        0x2 ff
 .text._ZN7arduino10ArduinoSPI8transferEh
                0x0000000000004f70       0x80 .pio/build/uno_r4_wifi/lib580/libSPI.a(SPI.cpp.o)
                0x0000000000004f70                arduino::ArduinoSPI::transfer(unsigned char)
 .text._ZN7arduino10ArduinoSPI8transferEPvj
                0x0000000000004ff0      0x128 .pio/build/uno_r4_wifi/lib580/libSPI.a(SPI.cpp.o)
                0x0000000000004ff0                arduino::ArduinoSPI::transfer(void*, unsigned int)
 .text._ZN7arduino10ArduinoSPID0Ev
                0x0000000000005118        0xe .pio/build/uno_r4_wifi/lib580/libSPI.a(SPI.cpp.o)
                0x0000000000005118                arduino::ArduinoSPI::~ArduinoSPI()
 *fill*         0x0000000000005126        0x2 ff
 .text._ZN7arduino10ArduinoSPIC2Eiiih
                0x0000000000005128       0x54 .pio/build/uno_r4_wifi/lib580/libSPI.a(SPI.cpp.o)
                0x0000000000005128                arduino::ArduinoSPI::ArduinoSPI(int, int, int, unsigned char)
                0x0000000000005128                arduino::ArduinoSPI::ArduinoSPI(int, int, int, unsigned char)
 .text._ZN7arduino10ArduinoSPI8cfg_pinsEiiiih
                0x000000000000517c      0x1d4 .pio/build/uno_r4_wifi/lib580/libSPI.a(SPI.cpp.o)
                0x000000000000517c                arduino::ArduinoSPI::cfg_pins(int, int, int, int, unsigned char)
 .text._ZN7arduino10ArduinoSPI14toFspSpiConfigERKNS_11SPISettingsE
                0x0000000000005350       0x38 .pio/build/uno_r4_wifi/lib580/libSPI.a(SPI.cpp.o)
                0x0000000000005350                arduino::ArduinoSPI::toFspSpiConfig(arduino::SPISettings const&)
 .text._ZN7arduino10ArduinoSPI9configSpiERKNS_11SPISettingsE
                0x0000000000005388      0x10c .pio/build/uno_r4_wifi/lib580/libSPI.a(SPI.cpp.o)
                0x0000000000005388                arduino::ArduinoSPI::configSpi(arduino::SPISettings const&)
 .text._ZN7arduino10ArduinoSPI12configSpiSciERKNS_11SPISettingsE
                0x0000000000005494       0x62 .pio/build/uno_r4_wifi/lib580/libSPI.a(SPI.cpp.o)
                0x0000000000005494                arduino::ArduinoSPI::configSpiSci(arduino::SPISettings const&)
 .text._ZN7arduino10ArduinoSPI17configSpiSettingsERKNS_11SPISettingsE
                0x00000000000054f6        0xe .pio/build/uno_r4_wifi/lib580/libSPI.a(SPI.cpp.o)
                0x00000000000054f6                arduino::ArduinoSPI::configSpiSettings(arduino::SPISettings const&)
 .text._ZN7arduino10ArduinoSPI5beginEv
                0x0000000000005504      0x158 .pio/build/uno_r4_wifi/lib580/libSPI.a(SPI.cpp.o)
                0x0000000000005504                arduino::ArduinoSPI::begin()
 .text._ZN7arduino10ArduinoSPI16beginTransactionENS_11SPISettingsE
                0x000000000000565c       0x3c .pio/build/uno_r4_wifi/lib580/libSPI.a(SPI.cpp.o)
                0x000000000000565c                arduino::ArduinoSPI::beginTransaction(arduino::SPISettings)
 .text.startup._GLOBAL__sub_I__ZN7arduino10ArduinoSPIC2Eiiih
                0x0000000000005698       0x1c .pio/build/uno_r4_wifi/lib580/libSPI.a(SPI.cpp.o)
 .text._ZN10W5100Class8writeGAREPKh
                0x00000000000056b4        0xa .pio/build/uno_r4_wifi/libe5e/libEthernet.a(Ethernet.cpp.o)
                0x00000000000056b4                W5100Class::writeGAR(unsigned char const*)
 .text._ZN10W5100Class9writeSUBREPKh
                0x00000000000056be        0xa .pio/build/uno_r4_wifi/libe5e/libEthernet.a(Ethernet.cpp.o)
                0x00000000000056be                W5100Class::writeSUBR(unsigned char const*)
 .text._ZN10W5100Class9writeSHAREPKh
                0x00000000000056c8        0xa .pio/build/uno_r4_wifi/libe5e/libEthernet.a(Ethernet.cpp.o)
                0x00000000000056c8                W5100Class::writeSHAR(unsigned char const*)
 .text._ZN10W5100Class9writeSIPREPKh
                0x00000000000056d2        0xa .pio/build/uno_r4_wifi/libe5e/libEthernet.a(Ethernet.cpp.o)
                0x00000000000056d2                W5100Class::writeSIPR(unsigned char const*)
 .text._ZN13EthernetClass4initEh
                0x00000000000056dc        0xc .pio/build/uno_r4_wifi/libe5e/libEthernet.a(Ethernet.cpp.o)
                0x00000000000056dc                EthernetClass::init(unsigned char)
 .text._ZN13EthernetClass10linkStatusEv
                0x00000000000056e8       0x14 .pio/build/uno_r4_wifi/libe5e/libEthernet.a(Ethernet.cpp.o)
                0x00000000000056e8                EthernetClass::linkStatus()
 .text._ZN13EthernetClass14hardwareStatusEv
                0x00000000000056fc       0x1c .pio/build/uno_r4_wifi/libe5e/libEthernet.a(Ethernet.cpp.o)
                0x00000000000056fc                EthernetClass::hardwareStatus()
 .text.startup._GLOBAL__sub_I__ZN13EthernetClass17_dnsServerAddressE
                0x0000000000005718        0xc .pio/build/uno_r4_wifi/libe5e/libEthernet.a(Ethernet.cpp.o)
 .text._ZN13EthernetClass5beginEPhmm
                0x0000000000005724      0x154 .pio/build/uno_r4_wifi/libe5e/libEthernet.a(Ethernet.cpp.o)
                0x0000000000005724                EthernetClass::begin(unsigned char*, unsigned long, unsigned long)
 .text._ZN13EthernetClass5beginEPhN7arduino9IPAddressES2_S2_S2_
                0x0000000000005878       0x88 .pio/build/uno_r4_wifi/libe5e/libEthernet.a(Ethernet.cpp.o)
                0x0000000000005878                EthernetClass::begin(unsigned char*, arduino::IPAddress, arduino::IPAddress, arduino::IPAddress, arduino::IPAddress)
 .text._ZN13EthernetClass5beginEPhN7arduino9IPAddressES2_S2_
                0x0000000000005900       0x50 .pio/build/uno_r4_wifi/libe5e/libEthernet.a(Ethernet.cpp.o)
                0x0000000000005900                EthernetClass::begin(unsigned char*, arduino::IPAddress, arduino::IPAddress, arduino::IPAddress)
 .text._ZN13EthernetClass5beginEPhN7arduino9IPAddressES2_
                0x0000000000005950       0x44 .pio/build/uno_r4_wifi/libe5e/libEthernet.a(Ethernet.cpp.o)
                0x0000000000005950                EthernetClass::begin(unsigned char*, arduino::IPAddress, arduino::IPAddress)
 .text._ZN13EthernetClass5beginEPhN7arduino9IPAddressE
                0x0000000000005994       0x38 .pio/build/uno_r4_wifi/libe5e/libEthernet.a(Ethernet.cpp.o)
                0x0000000000005994                EthernetClass::begin(unsigned char*, arduino::IPAddress)
 .text._ZN13EthernetClass8maintainEv
                0x00000000000059cc       0xb4 .pio/build/uno_r4_wifi/libe5e/libEthernet.a(Ethernet.cpp.o)
                0x00000000000059cc                EthernetClass::maintain()
 .text._ZN13EthernetClass7localIPEv
                0x0000000000005a80       0x48 .pio/build/uno_r4_wifi/libe5e/libEthernet.a(Ethernet.cpp.o)
                0x0000000000005a80                EthernetClass::localIP()
 .text._ZN13EthernetClass10subnetMaskEv
                0x0000000000005ac8       0x48 .pio/build/uno_r4_wifi/libe5e/libEthernet.a(Ethernet.cpp.o)
                0x0000000000005ac8                EthernetClass::subnetMask()
 .text._ZN13EthernetClass9gatewayIPEv
                0x0000000000005b10       0x48 .pio/build/uno_r4_wifi/libe5e/libEthernet.a(Ethernet.cpp.o)
                0x0000000000005b10                EthernetClass::gatewayIP()
 .text._ZN14EthernetClientD2Ev
                0x0000000000005b58        0x2 .pio/build/uno_r4_wifi/libe5e/libEthernet.a(EthernetClient.cpp.o)
                0x0000000000005b58                EthernetClient::~EthernetClient()
                0x0000000000005b58                EthernetClient::~EthernetClient()
 .text._ZN14EthernetClientcvbEv
                0x0000000000005b5a        0xc .pio/build/uno_r4_wifi/libe5e/libEthernet.a(EthernetClient.cpp.o)
                0x0000000000005b5a                EthernetClient::operator bool()
 .text._ZN14EthernetClienteqEb
                0x0000000000005b66        0x6 .pio/build/uno_r4_wifi/libe5e/libEthernet.a(EthernetClient.cpp.o)
                0x0000000000005b66                EthernetClient::operator==(bool)
 .text._ZN14EthernetClientneEb
                0x0000000000005b6c        0x4 .pio/build/uno_r4_wifi/libe5e/libEthernet.a(EthernetClient.cpp.o)
                0x0000000000005b6c                EthernetClient::operator!=(bool)
 .text._ZN14EthernetClientneERKS_
                0x0000000000005b70       0x10 .pio/build/uno_r4_wifi/libe5e/libEthernet.a(EthernetClient.cpp.o)
                0x0000000000005b70                EthernetClient::operator!=(EthernetClient const&)
 .text._ZN14EthernetClient20setConnectionTimeoutEt
                0x0000000000005b80        0x4 .pio/build/uno_r4_wifi/libe5e/libEthernet.a(EthernetClient.cpp.o)
                0x0000000000005b80                EthernetClient::setConnectionTimeout(unsigned short)
 .text._ZN14EthernetClient5writeEh
                0x0000000000005b84       0x16 .pio/build/uno_r4_wifi/libe5e/libEthernet.a(EthernetClient.cpp.o)
                0x0000000000005b84                EthernetClient::write(unsigned char)
 .text._ZN14EthernetClienteqERKS_
                0x0000000000005b9a       0x16 .pio/build/uno_r4_wifi/libe5e/libEthernet.a(EthernetClient.cpp.o)
                0x0000000000005b9a                EthernetClient::operator==(EthernetClient const&)
 .text._ZN14EthernetClient9connectedEv
                0x0000000000005bb0       0x40 .pio/build/uno_r4_wifi/libe5e/libEthernet.a(EthernetClient.cpp.o)
                0x0000000000005bb0                EthernetClient::connected()
 .text._ZN14EthernetClient17availableForWriteEv
                0x0000000000005bf0       0x12 .pio/build/uno_r4_wifi/libe5e/libEthernet.a(EthernetClient.cpp.o)
                0x0000000000005bf0                EthernetClient::availableForWrite()
 .text._ZN14EthernetClient5flushEv
                0x0000000000005c02       0x24 .pio/build/uno_r4_wifi/libe5e/libEthernet.a(EthernetClient.cpp.o)
                0x0000000000005c02                EthernetClient::flush()
 .text._ZN14EthernetClient5writeEPKhj
                0x0000000000005c26       0x1e .pio/build/uno_r4_wifi/libe5e/libEthernet.a(EthernetClient.cpp.o)
                0x0000000000005c26                EthernetClient::write(unsigned char const*, unsigned int)
 .text._ZN14EthernetClient9availableEv
                0x0000000000005c44       0x12 .pio/build/uno_r4_wifi/libe5e/libEthernet.a(EthernetClient.cpp.o)
                0x0000000000005c44                EthernetClient::available()
 .text._ZN14EthernetClient4readEPhj
                0x0000000000005c56       0x10 .pio/build/uno_r4_wifi/libe5e/libEthernet.a(EthernetClient.cpp.o)
                0x0000000000005c56                EthernetClient::read(unsigned char*, unsigned int)
 .text._ZN14EthernetClient4readEv
                0x0000000000005c66       0x20 .pio/build/uno_r4_wifi/libe5e/libEthernet.a(EthernetClient.cpp.o)
                0x0000000000005c66                EthernetClient::read()
 .text._ZN14EthernetClient4peekEv
                0x0000000000005c86       0x22 .pio/build/uno_r4_wifi/libe5e/libEthernet.a(EthernetClient.cpp.o)
                0x0000000000005c86                EthernetClient::peek()
 .text._ZN14EthernetClientD0Ev
                0x0000000000005ca8        0xe .pio/build/uno_r4_wifi/libe5e/libEthernet.a(EthernetClient.cpp.o)
                0x0000000000005ca8                EthernetClient::~EthernetClient()
 .text._ZN14EthernetClient4stopEv
                0x0000000000005cb6       0x3c .pio/build/uno_r4_wifi/libe5e/libEthernet.a(EthernetClient.cpp.o)
                0x0000000000005cb6                EthernetClient::stop()
 .text._ZN14EthernetClient7connectEN7arduino9IPAddressEt
                0x0000000000005cf2       0xaa .pio/build/uno_r4_wifi/libe5e/libEthernet.a(EthernetClient.cpp.o)
                0x0000000000005cf2                EthernetClient::connect(arduino::IPAddress, unsigned short)
 .text._ZN14EthernetClient7connectEPKct
                0x0000000000005d9c       0xa8 .pio/build/uno_r4_wifi/libe5e/libEthernet.a(EthernetClient.cpp.o)
                0x0000000000005d9c                EthernetClient::connect(char const*, unsigned short)
 .text._ZN10W5100Class6readSnEhtPht
                0x0000000000005e44       0x24 .pio/build/uno_r4_wifi/libe5e/libEthernet.a(EthernetClient.cpp.o)
                0x0000000000005e44                W5100Class::readSn(unsigned char, unsigned short, unsigned char*, unsigned short)
 .text._ZN14EthernetClient9localPortEv
                0x0000000000005e68       0x4c .pio/build/uno_r4_wifi/libe5e/libEthernet.a(EthernetClient.cpp.o)
                0x0000000000005e68                EthernetClient::localPort()
 .text._ZN14EthernetClient8remoteIPEv
                0x0000000000005eb4       0x54 .pio/build/uno_r4_wifi/libe5e/libEthernet.a(EthernetClient.cpp.o)
                0x0000000000005eb4                EthernetClient::remoteIP()
 .text._ZN14EthernetClient10remotePortEv
                0x0000000000005f08       0x4c .pio/build/uno_r4_wifi/libe5e/libEthernet.a(EthernetClient.cpp.o)
                0x0000000000005f08                EthernetClient::remotePort()
 .text._ZN7arduino5Print17availableForWriteEv
                0x0000000000005f54        0x4 .pio/build/uno_r4_wifi/libe5e/libEthernet.a(EthernetUdp.cpp.o)
                0x0000000000005f54                arduino::Print::availableForWrite()
 .text._ZN11EthernetUDP4readEPcj
                0x0000000000005f58        0x6 .pio/build/uno_r4_wifi/libe5e/libEthernet.a(EthernetUdp.cpp.o)
                0x0000000000005f58                EthernetUDP::read(char*, unsigned int)
 .text._ZN11EthernetUDP10remotePortEv
                0x0000000000005f5e        0x4 .pio/build/uno_r4_wifi/libe5e/libEthernet.a(EthernetUdp.cpp.o)
                0x0000000000005f5e                EthernetUDP::remotePort()
 .text._ZN11EthernetUDP9localPortEv
                0x0000000000005f62        0x4 .pio/build/uno_r4_wifi/libe5e/libEthernet.a(EthernetUdp.cpp.o)
                0x0000000000005f62                EthernetUDP::localPort()
 .text._ZN11EthernetUDP9availableEv
                0x0000000000005f66        0x4 .pio/build/uno_r4_wifi/libe5e/libEthernet.a(EthernetUdp.cpp.o)
                0x0000000000005f66                EthernetUDP::available()
 .text._ZN11EthernetUDP5writeEh
                0x0000000000005f6a       0x16 .pio/build/uno_r4_wifi/libe5e/libEthernet.a(EthernetUdp.cpp.o)
                0x0000000000005f6a                EthernetUDP::write(unsigned char)
 .text._ZN11EthernetUDP5flushEv
                0x0000000000005f80        0x2 .pio/build/uno_r4_wifi/libe5e/libEthernet.a(EthernetUdp.cpp.o)
                0x0000000000005f80                EthernetUDP::flush()
 .text._ZN11EthernetUDP4stopEv
                0x0000000000005f82       0x18 .pio/build/uno_r4_wifi/libe5e/libEthernet.a(EthernetUdp.cpp.o)
                0x0000000000005f82                EthernetUDP::stop()
 .text._ZN11EthernetUDP5beginEt
                0x0000000000005f9a       0x2e .pio/build/uno_r4_wifi/libe5e/libEthernet.a(EthernetUdp.cpp.o)
                0x0000000000005f9a                EthernetUDP::begin(unsigned short)
 .text._ZN11EthernetUDP11beginPacketEN7arduino9IPAddressEt
                0x0000000000005fc8       0x1a .pio/build/uno_r4_wifi/libe5e/libEthernet.a(EthernetUdp.cpp.o)
                0x0000000000005fc8                EthernetUDP::beginPacket(arduino::IPAddress, unsigned short)
 .text._ZN11EthernetUDP9endPacketEv
                0x0000000000005fe2        0xc .pio/build/uno_r4_wifi/libe5e/libEthernet.a(EthernetUdp.cpp.o)
                0x0000000000005fe2                EthernetUDP::endPacket()
 .text._ZN11EthernetUDP5writeEPKhj
                0x0000000000005fee       0x1a .pio/build/uno_r4_wifi/libe5e/libEthernet.a(EthernetUdp.cpp.o)
                0x0000000000005fee                EthernetUDP::write(unsigned char const*, unsigned int)
 .text._ZN11EthernetUDP4readEv
                0x0000000000006008       0x2e .pio/build/uno_r4_wifi/libe5e/libEthernet.a(EthernetUdp.cpp.o)
                0x0000000000006008                EthernetUDP::read()
 .text._ZN11EthernetUDP4readEPhj
                0x0000000000006036       0x2a .pio/build/uno_r4_wifi/libe5e/libEthernet.a(EthernetUdp.cpp.o)
                0x0000000000006036                EthernetUDP::read(unsigned char*, unsigned int)
 .text._ZN11EthernetUDP4peekEv
                0x0000000000006060       0x1c .pio/build/uno_r4_wifi/libe5e/libEthernet.a(EthernetUdp.cpp.o)
                0x0000000000006060                EthernetUDP::peek()
 .text._ZN11EthernetUDP11parsePacketEv
                0x000000000000607c       0x5a .pio/build/uno_r4_wifi/libe5e/libEthernet.a(EthernetUdp.cpp.o)
                0x000000000000607c                EthernetUDP::parsePacket()
 .text._ZN11EthernetUDP14beginMulticastEN7arduino9IPAddressEt
                0x00000000000060d6       0x3e .pio/build/uno_r4_wifi/libe5e/libEthernet.a(EthernetUdp.cpp.o)
                0x00000000000060d6                EthernetUDP::beginMulticast(arduino::IPAddress, unsigned short)
 .text._ZN11EthernetUDP8remoteIPEv
                0x0000000000006114        0xe .pio/build/uno_r4_wifi/libe5e/libEthernet.a(EthernetUdp.cpp.o)
                0x0000000000006114                EthernetUDP::remoteIP()
 *fill*         0x0000000000006122        0x2 ff
 .text._ZN11EthernetUDP11beginPacketEPKct
                0x0000000000006124       0x74 .pio/build/uno_r4_wifi/libe5e/libEthernet.a(EthernetUdp.cpp.o)
                0x0000000000006124                EthernetUDP::beginPacket(char const*, unsigned short)
 .text._ZN10W5100Class6readSnEht
                0x0000000000006198       0x28 .pio/build/uno_r4_wifi/libe5e/libEthernet.a(socket.cpp.o)
                0x0000000000006198                W5100Class::readSn(unsigned char, unsigned short)
 .text._ZN10W5100Class7writeSnEhth
                0x00000000000061c0       0x28 .pio/build/uno_r4_wifi/libe5e/libEthernet.a(socket.cpp.o)
                0x00000000000061c0                W5100Class::writeSn(unsigned char, unsigned short, unsigned char)
 .text._ZN10W5100Class7writeSnEhtPht
                0x00000000000061e8       0x24 .pio/build/uno_r4_wifi/libe5e/libEthernet.a(socket.cpp.o)
                0x00000000000061e8                W5100Class::writeSn(unsigned char, unsigned short, unsigned char*, unsigned short)
 .text._ZL10write_datahtPKht
                0x000000000000620c       0xb0 .pio/build/uno_r4_wifi/libe5e/libEthernet.a(socket.cpp.o)
 .text._ZN10W5100Class8readSnSREh
                0x00000000000062bc        0xa .pio/build/uno_r4_wifi/libe5e/libEthernet.a(socket.cpp.o)
                0x00000000000062bc                W5100Class::readSnSR(unsigned char)
 .text._ZN10W5100Class11writeSnPORTEht
                0x00000000000062c6       0x1c .pio/build/uno_r4_wifi/libe5e/libEthernet.a(socket.cpp.o)
                0x00000000000062c6                W5100Class::writeSnPORT(unsigned char, unsigned short)
 .text._ZN10W5100Class11writeSnDIPREhPh
                0x00000000000062e2        0xe .pio/build/uno_r4_wifi/libe5e/libEthernet.a(socket.cpp.o)
                0x00000000000062e2                W5100Class::writeSnDIPR(unsigned char, unsigned char*)
 .text._ZN10W5100Class12writeSnDPORTEht
                0x00000000000062f0       0x1c .pio/build/uno_r4_wifi/libe5e/libEthernet.a(socket.cpp.o)
                0x00000000000062f0                W5100Class::writeSnDPORT(unsigned char, unsigned short)
 .text._ZN10W5100Class12readSnTX_FSREh
                0x000000000000630c       0x1e .pio/build/uno_r4_wifi/libe5e/libEthernet.a(socket.cpp.o)
                0x000000000000630c                W5100Class::readSnTX_FSR(unsigned char)
 *fill*         0x000000000000632a        0x2 ff
 .text._ZL11getSnTX_FSRh
                0x000000000000632c       0x28 .pio/build/uno_r4_wifi/libe5e/libEthernet.a(socket.cpp.o)
 .text._ZN10W5100Class12readSnRX_RSREh
                0x0000000000006354       0x1e .pio/build/uno_r4_wifi/libe5e/libEthernet.a(socket.cpp.o)
                0x0000000000006354                W5100Class::readSnRX_RSR(unsigned char)
 .text._ZN10W5100Class11readSnRX_RDEh
                0x0000000000006372       0x1e .pio/build/uno_r4_wifi/libe5e/libEthernet.a(socket.cpp.o)
                0x0000000000006372                W5100Class::readSnRX_RD(unsigned char)
 .text._ZN10W5100Class5RBASEEh
                0x0000000000006390       0x18 .pio/build/uno_r4_wifi/libe5e/libEthernet.a(socket.cpp.o)
                0x0000000000006390                W5100Class::RBASE(unsigned char)
 .text._ZN13EthernetClass14socketPortRandEt
                0x00000000000063a8       0x14 .pio/build/uno_r4_wifi/libe5e/libEthernet.a(socket.cpp.o)
                0x00000000000063a8                EthernetClass::socketPortRand(unsigned short)
 .text._ZN13EthernetClass11socketBeginEht
                0x00000000000063bc      0x100 .pio/build/uno_r4_wifi/libe5e/libEthernet.a(socket.cpp.o)
                0x00000000000063bc                EthernetClass::socketBegin(unsigned char, unsigned short)
 .text._ZN13EthernetClass20socketBeginMulticastEhN7arduino9IPAddressEt
                0x00000000000064bc      0x16c .pio/build/uno_r4_wifi/libe5e/libEthernet.a(socket.cpp.o)
                0x00000000000064bc                EthernetClass::socketBeginMulticast(unsigned char, arduino::IPAddress, unsigned short)
 .text._ZN13EthernetClass12socketStatusEh
                0x0000000000006628       0x34 .pio/build/uno_r4_wifi/libe5e/libEthernet.a(socket.cpp.o)
                0x0000000000006628                EthernetClass::socketStatus(unsigned char)
 .text._ZN13EthernetClass11socketCloseEh
                0x000000000000665c       0x38 .pio/build/uno_r4_wifi/libe5e/libEthernet.a(socket.cpp.o)
                0x000000000000665c                EthernetClass::socketClose(unsigned char)
 .text._ZN13EthernetClass13socketConnectEhPht
                0x0000000000006694       0x4c .pio/build/uno_r4_wifi/libe5e/libEthernet.a(socket.cpp.o)
                0x0000000000006694                EthernetClass::socketConnect(unsigned char, unsigned char*, unsigned short)
 .text._ZN13EthernetClass16socketDisconnectEh
                0x00000000000066e0       0x38 .pio/build/uno_r4_wifi/libe5e/libEthernet.a(socket.cpp.o)
                0x00000000000066e0                EthernetClass::socketDisconnect(unsigned char)
 .text._ZN13EthernetClass10socketRecvEhPhs
                0x0000000000006718      0x130 .pio/build/uno_r4_wifi/libe5e/libEthernet.a(socket.cpp.o)
                0x0000000000006718                EthernetClass::socketRecv(unsigned char, unsigned char*, short)
 .text._ZN13EthernetClass19socketRecvAvailableEh
                0x0000000000006848       0x58 .pio/build/uno_r4_wifi/libe5e/libEthernet.a(socket.cpp.o)
                0x0000000000006848                EthernetClass::socketRecvAvailable(unsigned char)
 .text._ZN13EthernetClass10socketPeekEh
                0x00000000000068a0       0x54 .pio/build/uno_r4_wifi/libe5e/libEthernet.a(socket.cpp.o)
                0x00000000000068a0                EthernetClass::socketPeek(unsigned char)
 .text._ZN13EthernetClass10socketSendEhPKht
                0x00000000000068f4       0xdc .pio/build/uno_r4_wifi/libe5e/libEthernet.a(socket.cpp.o)
                0x00000000000068f4                EthernetClass::socketSend(unsigned char, unsigned char const*, unsigned short)
 .text._ZN13EthernetClass19socketSendAvailableEh
                0x00000000000069d0       0x48 .pio/build/uno_r4_wifi/libe5e/libEthernet.a(socket.cpp.o)
                0x00000000000069d0                EthernetClass::socketSendAvailable(unsigned char)
 .text._ZN13EthernetClass16socketBufferDataEhtPKht
                0x0000000000006a18       0x50 .pio/build/uno_r4_wifi/libe5e/libEthernet.a(socket.cpp.o)
                0x0000000000006a18                EthernetClass::socketBufferData(unsigned char, unsigned short, unsigned char const*, unsigned short)
 .text._ZN13EthernetClass14socketStartUDPEhPht
                0x0000000000006a68       0x58 .pio/build/uno_r4_wifi/libe5e/libEthernet.a(socket.cpp.o)
                0x0000000000006a68                EthernetClass::socketStartUDP(unsigned char, unsigned char*, unsigned short)
 .text._ZN13EthernetClass13socketSendUDPEh
                0x0000000000006ac0       0x90 .pio/build/uno_r4_wifi/libe5e/libEthernet.a(socket.cpp.o)
                0x0000000000006ac0                EthernetClass::socketSendUDP(unsigned char)
 .text._ZN10W5100Class5setSSEv
                0x0000000000006b50       0x10 .pio/build/uno_r4_wifi/libe5e/libEthernet.a(w5100.cpp.o)
                0x0000000000006b50                W5100Class::setSS()
 .text._ZN10W5100Class7resetSSEv
                0x0000000000006b60       0x10 .pio/build/uno_r4_wifi/libe5e/libEthernet.a(w5100.cpp.o)
                0x0000000000006b60                W5100Class::resetSS()
 .text._ZN10W5100Class5writeEtPKht
                0x0000000000006b70      0x14c .pio/build/uno_r4_wifi/libe5e/libEthernet.a(w5100.cpp.o)
                0x0000000000006b70                W5100Class::write(unsigned short, unsigned char const*, unsigned short)
 .text._ZN10W5100Class5writeEth
                0x0000000000006cbc       0x18 .pio/build/uno_r4_wifi/libe5e/libEthernet.a(w5100.cpp.o)
                0x0000000000006cbc                W5100Class::write(unsigned short, unsigned char)
 .text._ZN10W5100Class7writeMREh
                0x0000000000006cd4        0xc .pio/build/uno_r4_wifi/libe5e/libEthernet.a(w5100.cpp.o)
                0x0000000000006cd4                W5100Class::writeMR(unsigned char)
 .text._ZN10W5100Class4readEtPht
                0x0000000000006ce0      0x108 .pio/build/uno_r4_wifi/libe5e/libEthernet.a(w5100.cpp.o)
                0x0000000000006ce0                W5100Class::read(unsigned short, unsigned char*, unsigned short)
 .text._ZN10W5100Class4readEt
                0x0000000000006de8       0x16 .pio/build/uno_r4_wifi/libe5e/libEthernet.a(w5100.cpp.o)
                0x0000000000006de8                W5100Class::read(unsigned short)
 .text._ZN10W5100Class6readMREv
                0x0000000000006dfe        0xa .pio/build/uno_r4_wifi/libe5e/libEthernet.a(w5100.cpp.o)
                0x0000000000006dfe                W5100Class::readMR()
 .text._ZN10W5100Class9softResetEv
                0x0000000000006e08       0x26 .pio/build/uno_r4_wifi/libe5e/libEthernet.a(w5100.cpp.o)
                0x0000000000006e08                W5100Class::softReset()
 *fill*         0x0000000000006e2e        0x2 ff
 .text._ZN10W5100Class7isW5100Ev
                0x0000000000006e30       0x44 .pio/build/uno_r4_wifi/libe5e/libEthernet.a(w5100.cpp.o)
                0x0000000000006e30                W5100Class::isW5100()
 .text._ZN10W5100Class7isW5200Ev
                0x0000000000006e74       0x50 .pio/build/uno_r4_wifi/libe5e/libEthernet.a(w5100.cpp.o)
                0x0000000000006e74                W5100Class::isW5200()
 .text._ZN10W5100Class7isW5500Ev
                0x0000000000006ec4       0x50 .pio/build/uno_r4_wifi/libe5e/libEthernet.a(w5100.cpp.o)
                0x0000000000006ec4                W5100Class::isW5500()
 .text._ZN10W5100Class4initEv
                0x0000000000006f14       0xc0 .pio/build/uno_r4_wifi/libe5e/libEthernet.a(w5100.cpp.o)
                0x0000000000006f14                W5100Class::init()
 .text._ZN10W5100Class13getLinkStatusEv
                0x0000000000006fd4       0x7c .pio/build/uno_r4_wifi/libe5e/libEthernet.a(w5100.cpp.o)
                0x0000000000006fd4                W5100Class::getLinkStatus()
 .text._ZN10W5100Class9execCmdSnEh7SockCMD
                0x0000000000007050       0x28 .pio/build/uno_r4_wifi/libe5e/libEthernet.a(w5100.cpp.o)
                0x0000000000007050                W5100Class::execCmdSn(unsigned char, SockCMD)
 .text._ZN9DhcpClass16reset_DHCP_leaseEv
                0x0000000000007078        0xa .pio/build/uno_r4_wifi/libe5e/libEthernet.a(Dhcp.cpp.o)
                0x0000000000007078                DhcpClass::reset_DHCP_lease()
 .text._ZN9DhcpClass10getLocalIpEv
                0x0000000000007082        0xe .pio/build/uno_r4_wifi/libe5e/libEthernet.a(Dhcp.cpp.o)
                0x0000000000007082                DhcpClass::getLocalIp()
 .text._ZN9DhcpClass13getSubnetMaskEv
                0x0000000000007090        0xe .pio/build/uno_r4_wifi/libe5e/libEthernet.a(Dhcp.cpp.o)
                0x0000000000007090                DhcpClass::getSubnetMask()
 .text._ZN9DhcpClass12getGatewayIpEv
                0x000000000000709e        0xe .pio/build/uno_r4_wifi/libe5e/libEthernet.a(Dhcp.cpp.o)
                0x000000000000709e                DhcpClass::getGatewayIp()
 .text._ZN9DhcpClass14getDnsServerIpEv
                0x00000000000070ac        0xe .pio/build/uno_r4_wifi/libe5e/libEthernet.a(Dhcp.cpp.o)
                0x00000000000070ac                DhcpClass::getDnsServerIp()
 .text._ZN9DhcpClass9printByteEPch
                0x00000000000070ba       0x20 .pio/build/uno_r4_wifi/libe5e/libEthernet.a(Dhcp.cpp.o)
                0x00000000000070ba                DhcpClass::printByte(char*, unsigned char)
 *fill*         0x00000000000070da        0x2 ff
 .text._ZN9DhcpClass17send_DHCP_MESSAGEEht
                0x00000000000070dc      0x1c4 .pio/build/uno_r4_wifi/libe5e/libEthernet.a(Dhcp.cpp.o)
                0x00000000000070dc                DhcpClass::send_DHCP_MESSAGE(unsigned char, unsigned short)
 .text._ZN9DhcpClass17parseDHCPResponseEmRm
                0x00000000000072a0      0x208 .pio/build/uno_r4_wifi/libe5e/libEthernet.a(Dhcp.cpp.o)
                0x00000000000072a0                DhcpClass::parseDHCPResponse(unsigned long, unsigned long&)
 .text._ZN9DhcpClass18request_DHCP_leaseEv
                0x00000000000074a8      0x150 .pio/build/uno_r4_wifi/libe5e/libEthernet.a(Dhcp.cpp.o)
                0x00000000000074a8                DhcpClass::request_DHCP_lease()
 .text._ZN9DhcpClass13beginWithDHCPEPhmm
                0x00000000000075f8       0x3e .pio/build/uno_r4_wifi/libe5e/libEthernet.a(Dhcp.cpp.o)
                0x00000000000075f8                DhcpClass::beginWithDHCP(unsigned char*, unsigned long, unsigned long)
 .text._ZN9DhcpClass10checkLeaseEv
                0x0000000000007636       0x7e .pio/build/uno_r4_wifi/libe5e/libEthernet.a(Dhcp.cpp.o)
                0x0000000000007636                DhcpClass::checkLease()
 .text._ZN9DNSClient5beginERKN7arduino9IPAddressE
                0x00000000000076b4       0x1a .pio/build/uno_r4_wifi/libe5e/libEthernet.a(Dns.cpp.o)
                0x00000000000076b4                DNSClient::begin(arduino::IPAddress const&)
 .text._ZN9DNSClient9inet_atonEPKcRN7arduino9IPAddressE
                0x00000000000076ce       0x56 .pio/build/uno_r4_wifi/libe5e/libEthernet.a(Dns.cpp.o)
                0x00000000000076ce                DNSClient::inet_aton(char const*, arduino::IPAddress&)
 .text._ZN9DNSClient12BuildRequestEPKc
                0x0000000000007724       0xde .pio/build/uno_r4_wifi/libe5e/libEthernet.a(Dns.cpp.o)
                0x0000000000007724                DNSClient::BuildRequest(char const*)
 *fill*         0x0000000000007802        0x2 ff
 .text._ZN9DNSClient15ProcessResponseEtRN7arduino9IPAddressE
                0x0000000000007804      0x1f0 .pio/build/uno_r4_wifi/libe5e/libEthernet.a(Dns.cpp.o)
                0x0000000000007804                DNSClient::ProcessResponse(unsigned short, arduino::IPAddress&)
 .text._ZN9DNSClient13getHostByNameEPKcRN7arduino9IPAddressEt
                0x00000000000079f4       0x98 .pio/build/uno_r4_wifi/libe5e/libEthernet.a(Dns.cpp.o)
                0x00000000000079f4                DNSClient::getHostByName(char const*, arduino::IPAddress&, unsigned short)
 .text._ZNSt7__cxx1112basic_stringIcSt11char_traitsIcESaIcEE9_M_createERjj.isra.34
                0x0000000000007a8c       0x34 .pio/build/uno_r4_wifi/libce3/libWiFiS3.a(WiFi.cpp.o)
 .text._ZN5CWifiC2Ev
                0x0000000000007ac0       0x5e .pio/build/uno_r4_wifi/libce3/libWiFiS3.a(WiFi.cpp.o)
                0x0000000000007ac0                CWifi::CWifi()
                0x0000000000007ac0                CWifi::CWifi()
 .text._ZNSt7__cxx1112basic_stringIcSt11char_traitsIcESaIcEE10_M_disposeEv
                0x0000000000007b1e       0x10 .pio/build/uno_r4_wifi/libce3/libWiFiS3.a(WiFi.cpp.o)
                0x0000000000007b1e                std::__cxx11::basic_string<char, std::char_traits<char>, std::allocator<char> >::_M_dispose()
 .text._ZN12CAccessPointD2Ev
                0x0000000000007b2e       0x2c .pio/build/uno_r4_wifi/libce3/libWiFiS3.a(WiFi.cpp.o)
                0x0000000000007b2e                CAccessPoint::~CAccessPoint()
                0x0000000000007b2e                CAccessPoint::~CAccessPoint()
 .text._ZNSt7__cxx1112basic_stringIcSt11char_traitsIcESaIcEE7_S_copyEPcPKcj
                0x0000000000007b5a       0x1a .pio/build/uno_r4_wifi/libce3/libWiFiS3.a(WiFi.cpp.o)
                0x0000000000007b5a                std::__cxx11::basic_string<char, std::char_traits<char>, std::allocator<char> >::_S_copy(char*, char const*, unsigned int)
 .text._ZNSt7__cxx1112basic_stringIcSt11char_traitsIcESaIcEE12_M_constructIPKcEEvT_S8_St20forward_iterator_tag.isra.35
                0x0000000000007b74       0x44 .pio/build/uno_r4_wifi/libce3/libWiFiS3.a(WiFi.cpp.o)
 .text._ZNSt7__cxx1112basic_stringIcSt11char_traitsIcESaIcEEC2EPKcRKS3_.constprop.59
                0x0000000000007bb8       0x28 .pio/build/uno_r4_wifi/libce3/libWiFiS3.a(WiFi.cpp.o)
 .text._ZN5CWifi6statusEv
                0x0000000000007be0       0x60 .pio/build/uno_r4_wifi/libce3/libWiFiS3.a(WiFi.cpp.o)
                0x0000000000007be0                CWifi::status()
 .text._ZN5CWifi5beginEPKcS1_
                0x0000000000007c40       0xd0 .pio/build/uno_r4_wifi/libce3/libWiFiS3.a(WiFi.cpp.o)
                0x0000000000007c40                CWifi::begin(char const*, char const*)
 .text._ZN5CWifi7localIPEv
                0x0000000000007d10      0x10c .pio/build/uno_r4_wifi/libce3/libWiFiS3.a(WiFi.cpp.o)
                0x0000000000007d10                CWifi::localIP()
 .text.startup._GLOBAL__sub_I__ZN5CWifiC2Ev
                0x0000000000007e1c        0xc .pio/build/uno_r4_wifi/libce3/libWiFiS3.a(WiFi.cpp.o)
 .text.exit._GLOBAL__sub_D__ZN5CWifiC2Ev
                0x0000000000007e28       0x38 .pio/build/uno_r4_wifi/libce3/libWiFiS3.a(WiFi.cpp.o)
 .text._ZN10WiFiClientcvbEv
                0x0000000000007e60        0xa .pio/build/uno_r4_wifi/libce3/libWiFiS3.a(WiFiClient.cpp.o)
                0x0000000000007e60                WiFiClient::operator bool()
 .text._ZN10WiFiClientneERKS_
                0x0000000000007e6a       0x10 .pio/build/uno_r4_wifi/libce3/libWiFiS3.a(WiFiClient.cpp.o)
                0x0000000000007e6a                WiFiClient::operator!=(WiFiClient const&)
 .text._ZN10WiFiClient5writeEh
                0x0000000000007e7a       0x16 .pio/build/uno_r4_wifi/libce3/libWiFiS3.a(WiFiClient.cpp.o)
                0x0000000000007e7a                WiFiClient::write(unsigned char)
 .text._ZN10WiFiClient4readEv
                0x0000000000007e90       0x20 .pio/build/uno_r4_wifi/libce3/libWiFiS3.a(WiFiClient.cpp.o)
                0x0000000000007e90                WiFiClient::read()
 .text._ZN10WiFiClienteqERKS_
                0x0000000000007eb0        0xc .pio/build/uno_r4_wifi/libce3/libWiFiS3.a(WiFiClient.cpp.o)
                0x0000000000007eb0                WiFiClient::operator==(WiFiClient const&)
 .text._ZNSt15_Sp_counted_ptrIPN7arduino10FifoBufferIhLm1024EEELN9__gnu_cxx12_Lock_policyE0EED2Ev
                0x0000000000007ebc        0x2 .pio/build/uno_r4_wifi/libce3/libWiFiS3.a(WiFiClient.cpp.o)
                0x0000000000007ebc                std::_Sp_counted_ptr<arduino::FifoBuffer<unsigned char, 1024ul>*, (__gnu_cxx::_Lock_policy)0>::~_Sp_counted_ptr()
                0x0000000000007ebc                std::_Sp_counted_ptr<arduino::FifoBuffer<unsigned char, 1024ul>*, (__gnu_cxx::_Lock_policy)0>::~_Sp_counted_ptr()
 .text._ZNSt15_Sp_counted_ptrIPN7arduino10FifoBufferIhLm1024EEELN9__gnu_cxx12_Lock_policyE0EE14_M_get_deleterERKSt9type_info
                0x0000000000007ebe        0x4 .pio/build/uno_r4_wifi/libce3/libWiFiS3.a(WiFiClient.cpp.o)
                0x0000000000007ebe                std::_Sp_counted_ptr<arduino::FifoBuffer<unsigned char, 1024ul>*, (__gnu_cxx::_Lock_policy)0>::_M_get_deleter(std::type_info const&)
 .text._ZNSt15_Sp_counted_ptrIPN7arduino10FifoBufferIhLm1024EEELN9__gnu_cxx12_Lock_policyE0EE10_M_disposeEv
                0x0000000000007ec2        0xa .pio/build/uno_r4_wifi/libce3/libWiFiS3.a(WiFiClient.cpp.o)
                0x0000000000007ec2                std::_Sp_counted_ptr<arduino::FifoBuffer<unsigned char, 1024ul>*, (__gnu_cxx::_Lock_policy)0>::_M_dispose()
 .text._ZNSt15_Sp_counted_ptrIPN7arduino10FifoBufferIhLm1024EEELN9__gnu_cxx12_Lock_policyE0EED0Ev
                0x0000000000007ecc        0xe .pio/build/uno_r4_wifi/libce3/libWiFiS3.a(WiFiClient.cpp.o)
                0x0000000000007ecc                std::_Sp_counted_ptr<arduino::FifoBuffer<unsigned char, 1024ul>*, (__gnu_cxx::_Lock_policy)0>::~_Sp_counted_ptr()
 .text._ZNSt15_Sp_counted_ptrIPN7arduino10FifoBufferIhLm1024EEELN9__gnu_cxx12_Lock_policyE0EE10_M_destroyEv
                0x0000000000007eda        0x8 .pio/build/uno_r4_wifi/libce3/libWiFiS3.a(WiFiClient.cpp.o)
                0x0000000000007eda                std::_Sp_counted_ptr<arduino::FifoBuffer<unsigned char, 1024ul>*, (__gnu_cxx::_Lock_policy)0>::_M_destroy()
 .text._ZN10WiFiClient7connectEN7arduino9IPAddressEt
                0x0000000000007ee2       0x26 .pio/build/uno_r4_wifi/libce3/libWiFiS3.a(WiFiClient.cpp.o)
                0x0000000000007ee2                WiFiClient::connect(arduino::IPAddress, unsigned short)
 .text._ZNSt16_Sp_counted_baseILN9__gnu_cxx12_Lock_policyE0EE10_M_releaseEv.part.6
                0x0000000000007f08       0x20 .pio/build/uno_r4_wifi/libce3/libWiFiS3.a(WiFiClient.cpp.o)
 .text._ZNSt7__cxx1112basic_stringIcSt11char_traitsIcESaIcEEC2EPKcRKS3_.constprop.43
                0x0000000000007f28       0x54 .pio/build/uno_r4_wifi/libce3/libWiFiS3.a(WiFiClient.cpp.o)
 .text._ZN7__GuardD2Ev
                0x0000000000007f7c        0xc .pio/build/uno_r4_wifi/libce3/libWiFiS3.a(WiFiClient.cpp.o)
                0x0000000000007f7c                __Guard::~__Guard()
                0x0000000000007f7c                __Guard::~__Guard()
 .text._ZN7arduino10FifoBufferIhLm1024EE9availableEv.isra.7
                0x0000000000007f88       0x2c .pio/build/uno_r4_wifi/libce3/libWiFiS3.a(WiFiClient.cpp.o)
 .text._ZN7arduino10FifoBufferIhLm1024EE9nextIndexEm.isra.14
                0x0000000000007fb4       0x2e .pio/build/uno_r4_wifi/libce3/libWiFiS3.a(WiFiClient.cpp.o)
 .text._ZNSt14__shared_countILN9__gnu_cxx12_Lock_policyE0EED2Ev
                0x0000000000007fe2       0x18 .pio/build/uno_r4_wifi/libce3/libWiFiS3.a(WiFiClient.cpp.o)
                0x0000000000007fe2                std::__shared_count<(__gnu_cxx::_Lock_policy)0>::~__shared_count()
                0x0000000000007fe2                std::__shared_count<(__gnu_cxx::_Lock_policy)0>::~__shared_count()
 *fill*         0x0000000000007ffa        0x2 ff
 .text._ZN10WiFiClientD2Ev
                0x0000000000007ffc       0x18 .pio/build/uno_r4_wifi/libce3/libWiFiS3.a(WiFiClient.cpp.o)
                0x0000000000007ffc                WiFiClient::~WiFiClient()
                0x0000000000007ffc                WiFiClient::~WiFiClient()
 .text._ZN10WiFiClient9getSocketEv
                0x0000000000008014       0x7c .pio/build/uno_r4_wifi/libce3/libWiFiS3.a(WiFiClient.cpp.o)
                0x0000000000008014                WiFiClient::getSocket()
 .text._ZN10WiFiClient7connectEPKct
                0x0000000000008090       0xb0 .pio/build/uno_r4_wifi/libce3/libWiFiS3.a(WiFiClient.cpp.o)
                0x0000000000008090                WiFiClient::connect(char const*, unsigned short)
 .text._ZN10WiFiClient5writeEPKhj
                0x0000000000008140       0x7c .pio/build/uno_r4_wifi/libce3/libWiFiS3.a(WiFiClient.cpp.o)
                0x0000000000008140                WiFiClient::write(unsigned char const*, unsigned int)
 .text._ZN10WiFiClient9availableEv
                0x00000000000081bc       0x98 .pio/build/uno_r4_wifi/libce3/libWiFiS3.a(WiFiClient.cpp.o)
                0x00000000000081bc                WiFiClient::available()
 .text._ZN10WiFiClient5_readEv
                0x0000000000008254      0x138 .pio/build/uno_r4_wifi/libce3/libWiFiS3.a(WiFiClient.cpp.o)
                0x0000000000008254                WiFiClient::_read()
 .text._ZN10WiFiClient14read_if_neededEj
                0x000000000000838c       0x22 .pio/build/uno_r4_wifi/libce3/libWiFiS3.a(WiFiClient.cpp.o)
                0x000000000000838c                WiFiClient::read_if_needed(unsigned int)
 .text._ZN10WiFiClient4readEPhj
                0x00000000000083ae       0x88 .pio/build/uno_r4_wifi/libce3/libWiFiS3.a(WiFiClient.cpp.o)
                0x00000000000083ae                WiFiClient::read(unsigned char*, unsigned int)
 *fill*         0x0000000000008436        0x2 ff
 .text._ZN10WiFiClient4peekEv
                0x0000000000008438       0x78 .pio/build/uno_r4_wifi/libce3/libWiFiS3.a(WiFiClient.cpp.o)
                0x0000000000008438                WiFiClient::peek()
 .text._ZN10WiFiClient5flushEv
                0x00000000000084b0       0x60 .pio/build/uno_r4_wifi/libce3/libWiFiS3.a(WiFiClient.cpp.o)
                0x00000000000084b0                WiFiClient::flush()
 .text._ZN10WiFiClient4stopEv
                0x0000000000008510       0x74 .pio/build/uno_r4_wifi/libce3/libWiFiS3.a(WiFiClient.cpp.o)
                0x0000000000008510                WiFiClient::stop()
 .text._ZN10WiFiClient9connectedEv
                0x0000000000008584       0x80 .pio/build/uno_r4_wifi/libce3/libWiFiS3.a(WiFiClient.cpp.o)
                0x0000000000008584                WiFiClient::connected()
 .text._ZN10WiFiClient8remoteIPEv
                0x0000000000008604       0xa4 .pio/build/uno_r4_wifi/libce3/libWiFiS3.a(WiFiClient.cpp.o)
                0x0000000000008604                WiFiClient::remoteIP()
 .text._ZN10WiFiClient10remotePortEv
                0x00000000000086a8       0x70 .pio/build/uno_r4_wifi/libce3/libWiFiS3.a(WiFiClient.cpp.o)
                0x00000000000086a8                WiFiClient::remotePort()
 .text._ZNSt12__shared_ptrIN7arduino10FifoBufferIhLm1024EEELN9__gnu_cxx12_Lock_policyE0EEaSEOS5_
                0x0000000000008718       0x28 .pio/build/uno_r4_wifi/libce3/libWiFiS3.a(WiFiClient.cpp.o)
                0x0000000000008718                std::__shared_ptr<arduino::FifoBuffer<unsigned char, 1024ul>, (__gnu_cxx::_Lock_policy)0>::operator=(std::__shared_ptr<arduino::FifoBuffer<unsigned char, 1024ul>, (__gnu_cxx::_Lock_policy)0>&&)
 .text._ZN10WiFiClientC2Ev
                0x0000000000008740       0x78 .pio/build/uno_r4_wifi/libce3/libWiFiS3.a(WiFiClient.cpp.o)
                0x0000000000008740                WiFiClient::WiFiClient()
                0x0000000000008740                WiFiClient::WiFiClient()
 .text._ZNSt7__cxx1112basic_stringIcSt11char_traitsIcESaIcEE9_M_createERjj.isra.20
                0x00000000000087b8       0x34 .pio/build/uno_r4_wifi/libce3/libWiFiS3.a(Modem.cpp.o)
 .text._ZN10ModemClassD2Ev
                0x00000000000087ec       0x18 .pio/build/uno_r4_wifi/libce3/libWiFiS3.a(Modem.cpp.o)
                0x00000000000087ec                ModemClass::~ModemClass()
                0x00000000000087ec                ModemClass::~ModemClass()
 .text._ZN10ModemClass12write_nowaitERKNSt7__cxx1112basic_stringIcSt11char_traitsIcESaIcEEERS5_PKcz
                0x0000000000008804       0x6c .pio/build/uno_r4_wifi/libce3/libWiFiS3.a(Modem.cpp.o)
                0x0000000000008804                ModemClass::write_nowait(std::__cxx11::basic_string<char, std::char_traits<char>, std::allocator<char> > const&, std::__cxx11::basic_string<char, std::char_traits<char>, std::allocator<char> >&, char const*, ...)
 .text._ZNKSt7__cxx1112basic_stringIcSt11char_traitsIcESaIcEE7compareEPKc
                0x0000000000008870       0x28 .pio/build/uno_r4_wifi/libce3/libWiFiS3.a(Modem.cpp.o)
                0x0000000000008870                std::__cxx11::basic_string<char, std::char_traits<char>, std::allocator<char> >::compare(char const*) const
 .text._ZNSt7__cxx1112basic_stringIcSt11char_traitsIcESaIcEEC2EPKcRKS3_
                0x0000000000008898       0x50 .pio/build/uno_r4_wifi/libce3/libWiFiS3.a(Modem.cpp.o)
                0x0000000000008898                std::__cxx11::basic_string<char, std::char_traits<char>, std::allocator<char> >::basic_string(char const*, std::allocator<char> const&)
                0x0000000000008898                std::__cxx11::basic_string<char, std::char_traits<char>, std::allocator<char> >::basic_string(char const*, std::allocator<char> const&)
 .text._ZNSt7__cxx1112basic_stringIcSt11char_traitsIcESaIcEE9_M_mutateEjjPKcj
                0x00000000000088e8       0x7e .pio/build/uno_r4_wifi/libce3/libWiFiS3.a(Modem.cpp.o)
                0x00000000000088e8                std::__cxx11::basic_string<char, std::char_traits<char>, std::allocator<char> >::_M_mutate(unsigned int, unsigned int, char const*, unsigned int)
 .text._ZNSt7__cxx1112basic_stringIcSt11char_traitsIcESaIcEE9push_backEc
                0x0000000000008966       0x3e .pio/build/uno_r4_wifi/libce3/libWiFiS3.a(Modem.cpp.o)
                0x0000000000008966                std::__cxx11::basic_string<char, std::char_traits<char>, std::allocator<char> >::push_back(char)
 .text._ZNSt7__cxx1112basic_stringIcSt11char_traitsIcESaIcEE7_S_moveEPcPKcj
                0x00000000000089a4       0x1a .pio/build/uno_r4_wifi/libce3/libWiFiS3.a(Modem.cpp.o)
                0x00000000000089a4                std::__cxx11::basic_string<char, std::char_traits<char>, std::allocator<char> >::_S_move(char*, char const*, unsigned int)
 *fill*         0x00000000000089be        0x2 ff
 .text._ZNSt7__cxx1112basic_stringIcSt11char_traitsIcESaIcEE10_M_replaceEjjPKcj
                0x00000000000089c0       0xfc .pio/build/uno_r4_wifi/libce3/libWiFiS3.a(Modem.cpp.o)
                0x00000000000089c0                std::__cxx11::basic_string<char, std::char_traits<char>, std::allocator<char> >::_M_replace(unsigned int, unsigned int, char const*, unsigned int)
 .text._ZNSt7__cxx1112basic_stringIcSt11char_traitsIcESaIcEEaSEPKc
                0x0000000000008abc       0x1e .pio/build/uno_r4_wifi/libce3/libWiFiS3.a(Modem.cpp.o)
                0x0000000000008abc                std::__cxx11::basic_string<char, std::char_traits<char>, std::allocator<char> >::operator=(char const*)
 *fill*         0x0000000000008ada        0x2 ff
 .text._ZN10ModemClass8buf_readERKNSt7__cxx1112basic_stringIcSt11char_traitsIcESaIcEEERS5_
                0x0000000000008adc      0x338 .pio/build/uno_r4_wifi/libce3/libWiFiS3.a(Modem.cpp.o)
                0x0000000000008adc                ModemClass::buf_read(std::__cxx11::basic_string<char, std::char_traits<char>, std::allocator<char> > const&, std::__cxx11::basic_string<char, std::char_traits<char>, std::allocator<char> >&)
 .text._ZN10ModemClass11passthroughEPKhj
                0x0000000000008e14       0xa0 .pio/build/uno_r4_wifi/libce3/libWiFiS3.a(Modem.cpp.o)
                0x0000000000008e14                ModemClass::passthrough(unsigned char const*, unsigned int)
 .text._ZN10ModemClass5writeERKNSt7__cxx1112basic_stringIcSt11char_traitsIcESaIcEEERS5_PKcz
                0x0000000000008eb4       0xdc .pio/build/uno_r4_wifi/libce3/libWiFiS3.a(Modem.cpp.o)
                0x0000000000008eb4                ModemClass::write(std::__cxx11::basic_string<char, std::char_traits<char>, std::allocator<char> > const&, std::__cxx11::basic_string<char, std::char_traits<char>, std::allocator<char> >&, char const*, ...)
 .text._ZN10ModemClass5beginEi
                0x0000000000008f90       0x68 .pio/build/uno_r4_wifi/libce3/libWiFiS3.a(Modem.cpp.o)
                0x0000000000008f90                ModemClass::begin(int)
 .text.startup._GLOBAL__sub_I__ZN10ModemClassC2Eii
                0x0000000000008ff8       0x28 .pio/build/uno_r4_wifi/libce3/libWiFiS3.a(Modem.cpp.o)
 .text.exit._GLOBAL__sub_D__ZN10ModemClassC2Eii
                0x0000000000009020        0xc .pio/build/uno_r4_wifi/libce3/libWiFiS3.a(Modem.cpp.o)
 .text.startup.main
                0x000000000000902c        0xa .pio/build/uno_r4_wifi/libFrameworkArduinoVariant.a(main.c.o)
                0x000000000000902c                main
 .text.PINCOUNT_fn
                0x0000000000009036        0x4 .pio/build/uno_r4_wifi/libFrameworkArduinoVariant.a(variant.cpp.o)
                0x0000000000009036                PINCOUNT_fn
 .text._Z17__maybe_start_usbv
                0x000000000000903a        0x2 .pio/build/uno_r4_wifi/libFrameworkArduinoVariant.a(variant.cpp.o)
                0x000000000000903a                __maybe_start_usb()
 .text.initVariant
                0x000000000000903c       0x9c .pio/build/uno_r4_wifi/libFrameworkArduinoVariant.a(variant.cpp.o)
                0x000000000000903c                initVariant
 .text._ZN8FspTimerC2Ev
                0x00000000000090d8       0x18 .pio/build/uno_r4_wifi/libFrameworkArduino.a(FspTimer.cpp.o)
                0x00000000000090d8                FspTimer::FspTimer()
                0x00000000000090d8                FspTimer::FspTimer()
 .text._ZN8FspTimer5beginE12e_timer_modehhmm18e_timer_source_divPFvP22st_timer_callback_argsEPv
                0x00000000000090f0      0x16c .pio/build/uno_r4_wifi/libFrameworkArduino.a(FspTimer.cpp.o)
                0x00000000000090f0                FspTimer::begin(e_timer_mode, unsigned char, unsigned char, unsigned long, unsigned long, e_timer_source_div, void (*)(st_timer_callback_args*), void*)
 .text._ZN8FspTimer4openEv
                0x000000000000925c       0x4e .pio/build/uno_r4_wifi/libFrameworkArduino.a(FspTimer.cpp.o)
                0x000000000000925c                FspTimer::open()
 .text._ZN8FspTimer5startEv
                0x00000000000092aa       0x2e .pio/build/uno_r4_wifi/libFrameworkArduino.a(FspTimer.cpp.o)
                0x00000000000092aa                FspTimer::start()
 .text._ZN8FspTimer5closeEv
                0x00000000000092d8       0x2e .pio/build/uno_r4_wifi/libFrameworkArduino.a(FspTimer.cpp.o)
                0x00000000000092d8                FspTimer::close()
 *fill*         0x0000000000009306        0x2 ff
 .text._ZN8FspTimer3endEv
                0x0000000000009308       0x48 .pio/build/uno_r4_wifi/libFrameworkArduino.a(FspTimer.cpp.o)
                0x0000000000009308                FspTimer::end()
 .text._ZN8FspTimerD2Ev
                0x0000000000009350        0xc .pio/build/uno_r4_wifi/libFrameworkArduino.a(FspTimer.cpp.o)
                0x0000000000009350                FspTimer::~FspTimer()
                0x0000000000009350                FspTimer::~FspTimer()
 .text._ZN8FspTimer15get_cfg_for_irqEv
                0x000000000000935c       0x14 .pio/build/uno_r4_wifi/libFrameworkArduino.a(FspTimer.cpp.o)
                0x000000000000935c                FspTimer::get_cfg_for_irq()
 .text._ZN8FspTimer9is_openedEv
                0x0000000000009370       0x18 .pio/build/uno_r4_wifi/libFrameworkArduino.a(FspTimer.cpp.o)
                0x0000000000009370                FspTimer::is_opened()
 .text._ZN8FspTimer18setup_overflow_irqEhPFvvE
                0x0000000000009388       0x4e .pio/build/uno_r4_wifi/libFrameworkArduino.a(FspTimer.cpp.o)
                0x0000000000009388                FspTimer::setup_overflow_irq(unsigned char, void (*)())
 *fill*         0x00000000000093d6        0x2 ff
 .text.__NVIC_SetPriority
                0x00000000000093d8       0x28 .pio/build/uno_r4_wifi/libFrameworkArduino.a(IRQManager.cpp.o)
 .text.R_BSP_IrqEnable
                0x0000000000009400       0x34 .pio/build/uno_r4_wifi/libFrameworkArduino.a(IRQManager.cpp.o)
 .text.R_BSP_IrqDisable
                0x0000000000009434       0x24 .pio/build/uno_r4_wifi/libFrameworkArduino.a(IRQManager.cpp.o)
 .text.__tcf_0  0x0000000000009458        0x2 .pio/build/uno_r4_wifi/libFrameworkArduino.a(IRQManager.cpp.o)
 *fill*         0x000000000000945a        0x2 ff
 .text._ZN10IRQManager11getInstanceEv
                0x000000000000945c       0x38 .pio/build/uno_r4_wifi/libFrameworkArduino.a(IRQManager.cpp.o)
                0x000000000000945c                IRQManager::getInstance()
 .text._ZN10IRQManager18set_ext_link_eventEii
                0x0000000000009494       0xc8 .pio/build/uno_r4_wifi/libFrameworkArduino.a(IRQManager.cpp.o)
                0x0000000000009494                IRQManager::set_ext_link_event(int, int)
 .text._ZN10IRQManager23set_gpt_over_link_eventEii
                0x000000000000955c       0x70 .pio/build/uno_r4_wifi/libFrameworkArduino.a(IRQManager.cpp.o)
                0x000000000000955c                IRQManager::set_gpt_over_link_event(int, int)
 .text._ZN10IRQManager18set_agt_link_eventEii
                0x00000000000095cc       0x28 .pio/build/uno_r4_wifi/libFrameworkArduino.a(IRQManager.cpp.o)
                0x00000000000095cc                IRQManager::set_agt_link_event(int, int)
 .text._ZN10IRQManager16addTimerOverflowER5timerPFvvE
                0x00000000000095f4       0x80 .pio/build/uno_r4_wifi/libFrameworkArduino.a(IRQManager.cpp.o)
                0x00000000000095f4                IRQManager::addTimerOverflow(timer&, void (*)())
 .text._ZN10IRQManager21set_iic_tx_link_eventEii
                0x0000000000009674       0x20 .pio/build/uno_r4_wifi/libFrameworkArduino.a(IRQManager.cpp.o)
                0x0000000000009674                IRQManager::set_iic_tx_link_event(int, int)
 .text._ZN10IRQManager21set_iic_rx_link_eventEii
                0x0000000000009694       0x20 .pio/build/uno_r4_wifi/libFrameworkArduino.a(IRQManager.cpp.o)
                0x0000000000009694                IRQManager::set_iic_rx_link_event(int, int)
 .text._ZN10IRQManager22set_iic_tei_link_eventEii
                0x00000000000096b4       0x20 .pio/build/uno_r4_wifi/libFrameworkArduino.a(IRQManager.cpp.o)
                0x00000000000096b4                IRQManager::set_iic_tei_link_event(int, int)
 .text._ZN10IRQManager22set_iic_eri_link_eventEii
                0x00000000000096d4       0x20 .pio/build/uno_r4_wifi/libFrameworkArduino.a(IRQManager.cpp.o)
                0x00000000000096d4                IRQManager::set_iic_eri_link_event(int, int)
 .text._ZN10IRQManager21set_sci_tx_link_eventEii
                0x00000000000096f4       0x38 .pio/build/uno_r4_wifi/libFrameworkArduino.a(IRQManager.cpp.o)
                0x00000000000096f4                IRQManager::set_sci_tx_link_event(int, int)
 .text._ZN10IRQManager21set_sci_rx_link_eventEii
                0x000000000000972c       0x38 .pio/build/uno_r4_wifi/libFrameworkArduino.a(IRQManager.cpp.o)
                0x000000000000972c                IRQManager::set_sci_rx_link_event(int, int)
 .text._ZN10IRQManager22set_sci_tei_link_eventEii
                0x0000000000009764       0x38 .pio/build/uno_r4_wifi/libFrameworkArduino.a(IRQManager.cpp.o)
                0x0000000000009764                IRQManager::set_sci_tei_link_event(int, int)
 .text._ZN10IRQManager22set_sci_eri_link_eventEii
                0x000000000000979c       0x38 .pio/build/uno_r4_wifi/libFrameworkArduino.a(IRQManager.cpp.o)
                0x000000000000979c                IRQManager::set_sci_eri_link_event(int, int)
 .text._ZN10IRQManager21set_spi_tx_link_eventEii
                0x00000000000097d4       0x20 .pio/build/uno_r4_wifi/libFrameworkArduino.a(IRQManager.cpp.o)
                0x00000000000097d4                IRQManager::set_spi_tx_link_event(int, int)
 .text._ZN10IRQManager21set_spi_rx_link_eventEii
                0x00000000000097f4       0x20 .pio/build/uno_r4_wifi/libFrameworkArduino.a(IRQManager.cpp.o)
                0x00000000000097f4                IRQManager::set_spi_rx_link_event(int, int)
 .text._ZN10IRQManager22set_spi_tei_link_eventEii
                0x0000000000009814       0x20 .pio/build/uno_r4_wifi/libFrameworkArduino.a(IRQManager.cpp.o)
                0x0000000000009814                IRQManager::set_spi_tei_link_event(int, int)
 .text._ZN10IRQManager22set_spi_eri_link_eventEii
                0x0000000000009834       0x20 .pio/build/uno_r4_wifi/libFrameworkArduino.a(IRQManager.cpp.o)
                0x0000000000009834                IRQManager::set_spi_eri_link_event(int, int)
 .text._ZN10IRQManager13addPeripheralE12Peripheral_tPv
                0x0000000000009854      0x904 .pio/build/uno_r4_wifi/libFrameworkArduino.a(IRQManager.cpp.o)
                0x0000000000009854                IRQManager::addPeripheral(Peripheral_t, void*)
 .text._ZN4UARTcvbEv
                0x000000000000a158        0x4 .pio/build/uno_r4_wifi/libFrameworkArduino.a(Serial.cpp.o)
                0x000000000000a158                UART::operator bool()
 .text._ZN4UART5beginEm
                0x000000000000a15c        0xa .pio/build/uno_r4_wifi/libFrameworkArduino.a(Serial.cpp.o)
                0x000000000000a15c                UART::begin(unsigned long)
 .text._ZN4UART5flushEv
                0x000000000000a166        0xa .pio/build/uno_r4_wifi/libFrameworkArduino.a(Serial.cpp.o)
                0x000000000000a166                UART::flush()
 .text._ZN4UART4peekEv
                0x000000000000a170       0x18 .pio/build/uno_r4_wifi/libFrameworkArduino.a(Serial.cpp.o)
                0x000000000000a170                UART::peek()
 .text._ZN4UART5writeEh
                0x000000000000a188       0x34 .pio/build/uno_r4_wifi/libFrameworkArduino.a(Serial.cpp.o)
                0x000000000000a188                UART::write(unsigned char)
 .text._ZN4UART3endEv
                0x000000000000a1bc       0x22 .pio/build/uno_r4_wifi/libFrameworkArduino.a(Serial.cpp.o)
                0x000000000000a1bc                UART::end()
 .text._ZN4UART9availableEv
                0x000000000000a1de       0x32 .pio/build/uno_r4_wifi/libFrameworkArduino.a(Serial.cpp.o)
                0x000000000000a1de                UART::available()
 .text._ZN4UART15WrapperCallbackEP20st_uart_callback_arg
                0x000000000000a210       0x90 .pio/build/uno_r4_wifi/libFrameworkArduino.a(Serial.cpp.o)
                0x000000000000a210                UART::WrapperCallback(st_uart_callback_arg*)
 .text._ZN4UART4readEv
                0x000000000000a2a0       0x5c .pio/build/uno_r4_wifi/libFrameworkArduino.a(Serial.cpp.o)
                0x000000000000a2a0                UART::read()
 .text._ZN4UARTC2Eiiii
                0x000000000000a2fc       0x78 .pio/build/uno_r4_wifi/libFrameworkArduino.a(Serial.cpp.o)
                0x000000000000a2fc                UART::UART(int, int, int, int)
                0x000000000000a2fc                UART::UART(int, int, int, int)
 .text._ZN4UART13setUpUartIrqsER11st_uart_cfg
                0x000000000000a374       0x14 .pio/build/uno_r4_wifi/libFrameworkArduino.a(Serial.cpp.o)
                0x000000000000a374                UART::setUpUartIrqs(st_uart_cfg&)
 .text._ZN4UART5writeEPhj
                0x000000000000a388       0x2e .pio/build/uno_r4_wifi/libFrameworkArduino.a(Serial.cpp.o)
                0x000000000000a388                UART::write(unsigned char*, unsigned int)
 *fill*         0x000000000000a3b6        0x2 ff
 .text._ZN4UART8cfg_pinsEi
                0x000000000000a3b8       0xe8 .pio/build/uno_r4_wifi/libFrameworkArduino.a(Serial.cpp.o)
                0x000000000000a3b8                UART::cfg_pins(int)
 .text._ZN4UART5beginEmt
                0x000000000000a4a0      0x1a8 .pio/build/uno_r4_wifi/libFrameworkArduino.a(Serial.cpp.o)
                0x000000000000a4a0                UART::begin(unsigned long, unsigned short)
 .text._ZN4UART9write_rawEPhj
                0x000000000000a648       0x1e .pio/build/uno_r4_wifi/libFrameworkArduino.a(Serial.cpp.o)
                0x000000000000a648                UART::write_raw(unsigned char*, unsigned int)
 *fill*         0x000000000000a666        0x2 ff
 .text.startup._GLOBAL__sub_I__UART1_
                0x000000000000a668       0x1c .pio/build/uno_r4_wifi/libFrameworkArduino.a(SerialObj1.cpp.o)
 .text.startup._GLOBAL__sub_I__UART3_
                0x000000000000a684       0x1c .pio/build/uno_r4_wifi/libFrameworkArduino.a(SerialObj3.cpp.o)
 .text._Z6randoml
                0x000000000000a6a0       0x48 .pio/build/uno_r4_wifi/libFrameworkArduino.a(WMath.cpp.o)
                0x000000000000a6a0                random(long)
 .text._Z6randomll
                0x000000000000a6e8       0x14 .pio/build/uno_r4_wifi/libFrameworkArduino.a(WMath.cpp.o)
                0x000000000000a6e8                random(long, long)
 .text._ZL13readAllGroupAP13ADC_Container
                0x000000000000a6fc       0x2c .pio/build/uno_r4_wifi/libFrameworkArduino.a(analog.cpp.o)
 .text._ZL11ADC_irq_cbkP20st_adc_callback_args
                0x000000000000a728       0x58 .pio/build/uno_r4_wifi/libFrameworkArduino.a(analog.cpp.o)
 .text._ZL10adcConvertP13ADC_Containert
                0x000000000000a780       0xa4 .pio/build/uno_r4_wifi/libFrameworkArduino.a(analog.cpp.o)
 .text._ZL21get_ADC_container_ptrlRt.constprop.4
                0x000000000000a824       0x38 .pio/build/uno_r4_wifi/libFrameworkArduino.a(analog.cpp.o)
 .text._ZN13ADC_ContainerC2EhPFvP20st_adc_callback_argsEPv
                0x000000000000a85c       0x6e .pio/build/uno_r4_wifi/libFrameworkArduino.a(analog.cpp.o)
                0x000000000000a85c                ADC_Container::ADC_Container(unsigned char, void (*)(st_adc_callback_args*), void*)
                0x000000000000a85c                ADC_Container::ADC_Container(unsigned char, void (*)(st_adc_callback_args*), void*)
 .text._ZN13ADC_ContainerD2Ev
                0x000000000000a8ca       0x12 .pio/build/uno_r4_wifi/libFrameworkArduino.a(analog.cpp.o)
                0x000000000000a8ca                ADC_Container::~ADC_Container()
                0x000000000000a8ca                ADC_Container::~ADC_Container()
 .text.analogRead
                0x000000000000a8dc       0x3c .pio/build/uno_r4_wifi/libFrameworkArduino.a(analog.cpp.o)
                0x000000000000a8dc                analogRead
 .text.analogReference
                0x000000000000a918       0x5c .pio/build/uno_r4_wifi/libFrameworkArduino.a(analog.cpp.o)
                0x000000000000a918                analogReference
 *fill*         0x000000000000a974        0x4 ff
 .text._Z15analogReferencev
                0x000000000000a978      0x10c .pio/build/uno_r4_wifi/libFrameworkArduino.a(analog.cpp.o)
                0x000000000000a978                analogReference()
 .text._Z23__get_timer_for_channeli
                0x000000000000aa84       0x2c .pio/build/uno_r4_wifi/libFrameworkArduino.a(analog.cpp.o)
                0x000000000000aa84                __get_timer_for_channel(int)
 .text.startup._GLOBAL__sub_I__ZN13ADC_ContainerC2EhPFvP20st_adc_callback_argsEPv
                0x000000000000aab0       0x4c .pio/build/uno_r4_wifi/libFrameworkArduino.a(analog.cpp.o)
 .text.exit._GLOBAL__sub_D__ZN13ADC_ContainerC2EhPFvP20st_adc_callback_argsEPv
                0x000000000000aafc       0x1c .pio/build/uno_r4_wifi/libFrameworkArduino.a(analog.cpp.o)
 .text._Z3maplllll
                0x000000000000ab18       0x14 .pio/build/uno_r4_wifi/libFrameworkArduino.a(Common.cpp.o)
                0x000000000000ab18                map(long, long, long, long, long)
 .text._ZNK7arduino9IPAddress7printToERNS_5PrintE
                0x000000000000ab2c      0x17c .pio/build/uno_r4_wifi/libFrameworkArduino.a(IPAddress.cpp.o)
                0x000000000000ab2c                arduino::IPAddress::printTo(arduino::Print&) const
 .text._ZN7arduino9IPAddressC2ENS_6IPTypeE
                0x000000000000aca8       0x1c .pio/build/uno_r4_wifi/libFrameworkArduino.a(IPAddress.cpp.o)
                0x000000000000aca8                arduino::IPAddress::IPAddress(arduino::IPType)
                0x000000000000aca8                arduino::IPAddress::IPAddress(arduino::IPType)
 .text._ZN7arduino9IPAddressC2Ev
                0x000000000000acc4        0xe .pio/build/uno_r4_wifi/libFrameworkArduino.a(IPAddress.cpp.o)
                0x000000000000acc4                arduino::IPAddress::IPAddress()
                0x000000000000acc4                arduino::IPAddress::IPAddress()
 *fill*         0x000000000000acd2        0x2 ff
 .text._ZN7arduino9IPAddressC2Ehhhh
                0x000000000000acd4       0x30 .pio/build/uno_r4_wifi/libFrameworkArduino.a(IPAddress.cpp.o)
                0x000000000000acd4                arduino::IPAddress::IPAddress(unsigned char, unsigned char, unsigned char, unsigned char)
                0x000000000000acd4                arduino::IPAddress::IPAddress(unsigned char, unsigned char, unsigned char, unsigned char)
 .text._ZN7arduino9IPAddressC2Em
                0x000000000000ad04       0x20 .pio/build/uno_r4_wifi/libFrameworkArduino.a(IPAddress.cpp.o)
                0x000000000000ad04                arduino::IPAddress::IPAddress(unsigned long)
                0x000000000000ad04                arduino::IPAddress::IPAddress(unsigned long)
 .text._ZN7arduino9IPAddressC2EPKh
                0x000000000000ad24       0x2c .pio/build/uno_r4_wifi/libFrameworkArduino.a(IPAddress.cpp.o)
                0x000000000000ad24                arduino::IPAddress::IPAddress(unsigned char const*)
                0x000000000000ad24                arduino::IPAddress::IPAddress(unsigned char const*)
 .text._ZNK7arduino9IPAddress9toString4Ev
                0x000000000000ad50       0x34 .pio/build/uno_r4_wifi/libFrameworkArduino.a(IPAddress.cpp.o)
                0x000000000000ad50                arduino::IPAddress::toString4() const
 .text._ZNK7arduino9IPAddress9toString6Ev
                0x000000000000ad84       0x60 .pio/build/uno_r4_wifi/libFrameworkArduino.a(IPAddress.cpp.o)
                0x000000000000ad84                arduino::IPAddress::toString6() const
 .text._ZNK7arduino9IPAddress8toStringEv
                0x000000000000ade4       0x16 .pio/build/uno_r4_wifi/libFrameworkArduino.a(IPAddress.cpp.o)
                0x000000000000ade4                arduino::IPAddress::toString() const
 .text._ZN7arduino9IPAddress11fromString4EPKc
                0x000000000000adfa       0x70 .pio/build/uno_r4_wifi/libFrameworkArduino.a(IPAddress.cpp.o)
                0x000000000000adfa                arduino::IPAddress::fromString4(char const*)
 .text._ZN7arduino9IPAddress11fromString6EPKc
                0x000000000000ae6a       0xfa .pio/build/uno_r4_wifi/libFrameworkArduino.a(IPAddress.cpp.o)
                0x000000000000ae6a                arduino::IPAddress::fromString6(char const*)
 .text._ZN7arduino9IPAddress10fromStringEPKc
                0x000000000000af64       0x1a .pio/build/uno_r4_wifi/libFrameworkArduino.a(IPAddress.cpp.o)
                0x000000000000af64                arduino::IPAddress::fromString(char const*)
 .text._ZN7arduino9IPAddressaSEPKh
                0x000000000000af7e       0x22 .pio/build/uno_r4_wifi/libFrameworkArduino.a(IPAddress.cpp.o)
                0x000000000000af7e                arduino::IPAddress::operator=(unsigned char const*)
 .text._ZNK7arduino9IPAddresseqERKS0_
                0x000000000000afa0       0x22 .pio/build/uno_r4_wifi/libFrameworkArduino.a(IPAddress.cpp.o)
                0x000000000000afa0                arduino::IPAddress::operator==(arduino::IPAddress const&) const
 .text._ZNK7arduino9IPAddressixEi
                0x000000000000afc2        0xe .pio/build/uno_r4_wifi/libFrameworkArduino.a(IPAddress.cpp.o)
                0x000000000000afc2                arduino::IPAddress::operator[](int) const
 .text._ZN7arduino9IPAddressixEi
                0x000000000000afd0        0xe .pio/build/uno_r4_wifi/libFrameworkArduino.a(IPAddress.cpp.o)
                0x000000000000afd0                arduino::IPAddress::operator[](int)
 *fill*         0x000000000000afde        0x2 ff
 .text.startup._GLOBAL__sub_I__ZN7arduino9IPAddressC2Ev
                0x000000000000afe0       0x28 .pio/build/uno_r4_wifi/libFrameworkArduino.a(IPAddress.cpp.o)
 .text._ZN7arduino5Print5writeEPKhj
                0x000000000000b008       0x2c .pio/build/uno_r4_wifi/libFrameworkArduino.a(Print.cpp.o)
                0x000000000000b008                arduino::Print::write(unsigned char const*, unsigned int)
 .text._ZN7arduino5Print5writeEPKc.part.2
                0x000000000000b034       0x1e .pio/build/uno_r4_wifi/libFrameworkArduino.a(Print.cpp.o)
 .text._ZN7arduino5Print5writeEPKc
                0x000000000000b052        0xa .pio/build/uno_r4_wifi/libFrameworkArduino.a(Print.cpp.o)
                0x000000000000b052                arduino::Print::write(char const*)
 .text._ZN7arduino5Print5printEPKNS_19__FlashStringHelperE
                0x000000000000b05c        0x8 .pio/build/uno_r4_wifi/libFrameworkArduino.a(Print.cpp.o)
                0x000000000000b05c                arduino::Print::print(arduino::__FlashStringHelper const*)
 .text._ZN7arduino5Print5printERKNS_6StringE
                0x000000000000b064        0xa .pio/build/uno_r4_wifi/libFrameworkArduino.a(Print.cpp.o)
                0x000000000000b064                arduino::Print::print(arduino::String const&)
 .text._ZN7arduino5Print5printEPKc
                0x000000000000b06e        0x8 .pio/build/uno_r4_wifi/libFrameworkArduino.a(Print.cpp.o)
                0x000000000000b06e                arduino::Print::print(char const*)
 .text._ZN7arduino5Print5printEc
                0x000000000000b076        0x8 .pio/build/uno_r4_wifi/libFrameworkArduino.a(Print.cpp.o)
                0x000000000000b076                arduino::Print::print(char)
 .text._ZN7arduino5Print5printERKNS_9PrintableE
                0x000000000000b07e        0xc .pio/build/uno_r4_wifi/libFrameworkArduino.a(Print.cpp.o)
                0x000000000000b07e                arduino::Print::print(arduino::Printable const&)
 *fill*         0x000000000000b08a        0x2 ff
 .text._ZN7arduino5Print7printlnEv
                0x000000000000b08c        0xc .pio/build/uno_r4_wifi/libFrameworkArduino.a(Print.cpp.o)
                0x000000000000b08c                arduino::Print::println()
 .text._ZN7arduino5Print7printlnEPKNS_19__FlashStringHelperE
                0x000000000000b098       0x14 .pio/build/uno_r4_wifi/libFrameworkArduino.a(Print.cpp.o)
                0x000000000000b098                arduino::Print::println(arduino::__FlashStringHelper const*)
 .text._ZN7arduino5Print7printlnERKNS_6StringE
                0x000000000000b0ac       0x14 .pio/build/uno_r4_wifi/libFrameworkArduino.a(Print.cpp.o)
                0x000000000000b0ac                arduino::Print::println(arduino::String const&)
 .text._ZN7arduino5Print7printlnEPKc
                0x000000000000b0c0       0x14 .pio/build/uno_r4_wifi/libFrameworkArduino.a(Print.cpp.o)
                0x000000000000b0c0                arduino::Print::println(char const*)
 .text._ZN7arduino5Print7printlnERKNS_9PrintableE
                0x000000000000b0d4       0x14 .pio/build/uno_r4_wifi/libFrameworkArduino.a(Print.cpp.o)
                0x000000000000b0d4                arduino::Print::println(arduino::Printable const&)
 .text._ZN7arduino5Print11printNumberEmh
                0x000000000000b0e8       0x3c .pio/build/uno_r4_wifi/libFrameworkArduino.a(Print.cpp.o)
                0x000000000000b0e8                arduino::Print::printNumber(unsigned long, unsigned char)
 .text._ZN7arduino5Print5printEli
                0x000000000000b124       0x44 .pio/build/uno_r4_wifi/libFrameworkArduino.a(Print.cpp.o)
                0x000000000000b124                arduino::Print::print(long, int)
 .text._ZN7arduino5Print5printEii
                0x000000000000b168        0x4 .pio/build/uno_r4_wifi/libFrameworkArduino.a(Print.cpp.o)
                0x000000000000b168                arduino::Print::print(int, int)
 .text._ZN7arduino5Print7printlnEii
                0x000000000000b16c       0x14 .pio/build/uno_r4_wifi/libFrameworkArduino.a(Print.cpp.o)
                0x000000000000b16c                arduino::Print::println(int, int)
 .text._ZN7arduino5Print5printEmi
                0x000000000000b180       0x1a .pio/build/uno_r4_wifi/libFrameworkArduino.a(Print.cpp.o)
                0x000000000000b180                arduino::Print::print(unsigned long, int)
 .text._ZN7arduino5Print5printEhi
                0x000000000000b19a        0x4 .pio/build/uno_r4_wifi/libFrameworkArduino.a(Print.cpp.o)
                0x000000000000b19a                arduino::Print::print(unsigned char, int)
 .text._ZN7arduino5Print7printlnEhi
                0x000000000000b19e       0x14 .pio/build/uno_r4_wifi/libFrameworkArduino.a(Print.cpp.o)
                0x000000000000b19e                arduino::Print::println(unsigned char, int)
 .text._ZN7arduino5Print5printEji
                0x000000000000b1b2        0x4 .pio/build/uno_r4_wifi/libFrameworkArduino.a(Print.cpp.o)
                0x000000000000b1b2                arduino::Print::print(unsigned int, int)
 .text._ZN7arduino6StringD2Ev
                0x000000000000b1b6       0x10 .pio/build/uno_r4_wifi/libFrameworkArduino.a(String.cpp.o)
                0x000000000000b1b6                arduino::String::~String()
                0x000000000000b1b6                arduino::String::~String()
 .text._ZN7arduino6String10invalidateEv
                0x000000000000b1c6       0x16 .pio/build/uno_r4_wifi/libFrameworkArduino.a(String.cpp.o)
                0x000000000000b1c6                arduino::String::invalidate()
 .text._ZN7arduino6String12changeBufferEj
                0x000000000000b1dc       0x18 .pio/build/uno_r4_wifi/libFrameworkArduino.a(String.cpp.o)
                0x000000000000b1dc                arduino::String::changeBuffer(unsigned int)
 .text._ZN7arduino6String7reserveEj
                0x000000000000b1f4       0x28 .pio/build/uno_r4_wifi/libFrameworkArduino.a(String.cpp.o)
                0x000000000000b1f4                arduino::String::reserve(unsigned int)
 .text._ZN7arduino6String4copyEPKcj
                0x000000000000b21c       0x30 .pio/build/uno_r4_wifi/libFrameworkArduino.a(String.cpp.o)
                0x000000000000b21c                arduino::String::copy(char const*, unsigned int)
 .text._ZN7arduino6StringC2EPKc
                0x000000000000b24c       0x24 .pio/build/uno_r4_wifi/libFrameworkArduino.a(String.cpp.o)
                0x000000000000b24c                arduino::String::String(char const*)
                0x000000000000b24c                arduino::String::String(char const*)
 .text._ZN7arduino6StringaSEPKc.part.4
                0x000000000000b270       0x1a .pio/build/uno_r4_wifi/libFrameworkArduino.a(String.cpp.o)
 .text._ZN7arduino6StringC2Eih
                0x000000000000b28a       0x24 .pio/build/uno_r4_wifi/libFrameworkArduino.a(String.cpp.o)
                0x000000000000b28a                arduino::String::String(int, unsigned char)
                0x000000000000b28a                arduino::String::String(int, unsigned char)
 .text._ZN7arduino6StringC2Ejh
                0x000000000000b2ae       0x24 .pio/build/uno_r4_wifi/libFrameworkArduino.a(String.cpp.o)
                0x000000000000b2ae                arduino::String::String(unsigned int, unsigned char)
                0x000000000000b2ae                arduino::String::String(unsigned int, unsigned char)
 .text._ZN7arduino6String6concatEPKcj
                0x000000000000b2d2       0x42 .pio/build/uno_r4_wifi/libFrameworkArduino.a(String.cpp.o)
                0x000000000000b2d2                arduino::String::concat(char const*, unsigned int)
 .text._ZN7arduino6String6concatERKS0_
                0x000000000000b314        0x8 .pio/build/uno_r4_wifi/libFrameworkArduino.a(String.cpp.o)
                0x000000000000b314                arduino::String::concat(arduino::String const&)
 .text._ZN7arduino6String6concatEPKc.part.6
                0x000000000000b31c       0x1a .pio/build/uno_r4_wifi/libFrameworkArduino.a(String.cpp.o)
 .text._ZN7arduino6String6concatEPKc
                0x000000000000b336        0xa .pio/build/uno_r4_wifi/libFrameworkArduino.a(String.cpp.o)
                0x000000000000b336                arduino::String::concat(char const*)
 .text._ZN7arduino6String6concatEc
                0x000000000000b340       0x16 .pio/build/uno_r4_wifi/libFrameworkArduino.a(String.cpp.o)
                0x000000000000b340                arduino::String::concat(char)
 .text._ZN7arduinoplERKNS_15StringSumHelperERKNS_6StringE
                0x000000000000b356       0x18 .pio/build/uno_r4_wifi/libFrameworkArduino.a(String.cpp.o)
                0x000000000000b356                arduino::operator+(arduino::StringSumHelper const&, arduino::String const&)
 .text._ZN7arduinoplERKNS_15StringSumHelperEPKc
                0x000000000000b36e       0x1a .pio/build/uno_r4_wifi/libFrameworkArduino.a(String.cpp.o)
                0x000000000000b36e                arduino::operator+(arduino::StringSumHelper const&, char const*)
 .text._ZNK7arduino6String6equalsEPKc
                0x000000000000b388       0x28 .pio/build/uno_r4_wifi/libFrameworkArduino.a(String.cpp.o)
                0x000000000000b388                arduino::String::equals(char const*) const
 .text._ZN4CDacC2Eh
                0x000000000000b3b0       0x6c .pio/build/uno_r4_wifi/libFrameworkArduino.a(dac.cpp.o)
                0x000000000000b3b0                CDac::CDac(unsigned char)
                0x000000000000b3b0                CDac::CDac(unsigned char)
 .text.startup._GLOBAL__sub_I__ZN4CDacC2Eh
                0x000000000000b41c        0xc .pio/build/uno_r4_wifi/libFrameworkArduino.a(dac.cpp.o)
 .text.pinMode  0x000000000000b428       0x30 .pio/build/uno_r4_wifi/libFrameworkArduino.a(digital.cpp.o)
                0x000000000000b428                pinMode
 .text.digitalWrite
                0x000000000000b458       0x18 .pio/build/uno_r4_wifi/libFrameworkArduino.a(digital.cpp.o)
                0x000000000000b458                digitalWrite
 .text.digitalRead
                0x000000000000b470       0x28 .pio/build/uno_r4_wifi/libFrameworkArduino.a(digital.cpp.o)
                0x000000000000b470                digitalRead